Component: Arm Compiler for Embedded 6.21 Tool: armlink [5ec1fa00]

==============================================================================

Section Cross References

    startup.o(STACK) refers (Special) to heapauxi.o(.text) for __use_two_region_memory
    startup.o(HEAP) refers (Special) to heapauxi.o(.text) for __use_two_region_memory
    startup.o(RESET) refers (Special) to heapauxi.o(.text) for __use_two_region_memory
    startup.o(RESET) refers to startup.o(STACK) for StackMem
    startup.o(RESET) refers to cecs447project2mcu1-1.o(.text.SysTick_Handler) for SysTick_Handler
    startup.o(RESET) refers to cecs447project2mcu1-1.o(.text.UART0_Handler) for UART0_Handler
    startup.o(RESET) refers to cecs447project2mcu1-1.o(.text.GPIOPortF_Handler) for GPIOPortF_Handler
    startup.o(RESET) refers to cecs447project2mcu1-1.o(.text.UART2_Handler) for UART2_Handler
    startup.o(RESET) refers to __main.o(!!!main) for __main
    startup.o(.text) refers (Special) to heapauxi.o(.text) for __use_two_region_memory
    startup.o(.text) refers to startup.o(HEAP) for HeapMem
    startup.o(.text) refers to startup.o(STACK) for StackMem
    pll.o(.ARM.exidx.text.PLL_Init) refers to pll.o(.text.PLL_Init) for [Anonymous Symbol]
    cecs447project2mcu1-1.o(.text.main) refers to startup.o(.text) for DisableInterrupts
    cecs447project2mcu1-1.o(.text.main) refers to pll.o(.text.PLL_Init) for PLL_Init
    cecs447project2mcu1-1.o(.text.main) refers to uart0.o(.text.UART0_Init) for UART0_Init
    cecs447project2mcu1-1.o(.text.main) refers to uart2.o(.text.UART2_Init) for UART2_Init
    cecs447project2mcu1-1.o(.text.main) refers to ledsw.o(.text.LEDSW_Init) for LEDSW_Init
    cecs447project2mcu1-1.o(.text.main) refers to systick.o(.text.SysTick_Init) for SysTick_Init
    cecs447project2mcu1-1.o(.text.main) refers to cecs447project2mcu1-1.o(.text.Display_Menu) for Display_Menu
    cecs447project2mcu1-1.o(.text.main) refers to cecs447project2mcu1-1.o(.bss.string) for string
    cecs447project2mcu1-1.o(.text.main) refers to cecs447project2mcu1-1.o(.text.Mode1) for Mode1
    cecs447project2mcu1-1.o(.text.main) refers to cecs447project2mcu1-1.o(.text.Mode2) for Mode2
    cecs447project2mcu1-1.o(.text.main) refers to cecs447project2mcu1-1.o(.text.Mode3) for Mode3
    cecs447project2mcu1-1.o(.text.main) refers to uart0.o(.text.UART0_OutCRLF) for UART0_OutCRLF
    cecs447project2mcu1-1.o(.ARM.exidx.text.main) refers to cecs447project2mcu1-1.o(.text.main) for [Anonymous Symbol]
    cecs447project2mcu1-1.o(.text.Display_Menu) refers to cecs447project2mcu1-1.o(.rodata.str1.1) for .L.str.11
    cecs447project2mcu1-1.o(.text.Display_Menu) refers to uart0.o(.text.UART0_OutString) for UART0_OutString
    cecs447project2mcu1-1.o(.text.Display_Menu) refers to uart0.o(.text.UART0_OutCRLF) for UART0_OutCRLF
    cecs447project2mcu1-1.o(.text.Display_Menu) refers to cecs447project2mcu1-1.o(.bss.end_of_str) for end_of_str
    cecs447project2mcu1-1.o(.text.Display_Menu) refers to startup.o(.text) for WaitForInterrupt
    cecs447project2mcu1-1.o(.text.Display_Menu) refers to cecs447project2mcu1-1.o(.bss.str_idx) for str_idx
    cecs447project2mcu1-1.o(.ARM.exidx.text.Display_Menu) refers to cecs447project2mcu1-1.o(.text.Display_Menu) for [Anonymous Symbol]
    cecs447project2mcu1-1.o(.text.Mode1) refers to cecs447project2mcu1-1.o(.bss.current_mode) for current_mode
    cecs447project2mcu1-1.o(.text.Mode1) refers to cecs447project2mcu1-1.o(.text.Mode1_Menu) for Mode1_Menu
    cecs447project2mcu1-1.o(.text.Mode1) refers to cecs447project2mcu1-1.o(.bss.end_of_str) for end_of_str
    cecs447project2mcu1-1.o(.text.Mode1) refers to startup.o(.text) for WaitForInterrupt
    cecs447project2mcu1-1.o(.text.Mode1) refers to cecs447project2mcu1-1.o(.bss.str_idx) for str_idx
    cecs447project2mcu1-1.o(.text.Mode1) refers to cecs447project2mcu1-1.o(.bss.string) for string
    cecs447project2mcu1-1.o(.text.Mode1) refers to cecs447project2mcu1-1.o(.text.Mode1Option1) for Mode1Option1
    cecs447project2mcu1-1.o(.text.Mode1) refers to cecs447project2mcu1-1.o(.text.Mode1Option2) for Mode1Option2
    cecs447project2mcu1-1.o(.text.Mode1) refers to cecs447project2mcu1-1.o(.text.Mode1Option3) for Mode1Option3
    cecs447project2mcu1-1.o(.text.Mode1) refers to cecs447project2mcu1-1.o(.rodata.str1.1) for .L.str
    cecs447project2mcu1-1.o(.text.Mode1) refers to uart0.o(.text.UART0_OutString) for UART0_OutString
    cecs447project2mcu1-1.o(.ARM.exidx.text.Mode1) refers to cecs447project2mcu1-1.o(.text.Mode1) for [Anonymous Symbol]
    cecs447project2mcu1-1.o(.text.Mode2) refers to uart2.o(.text.UART2_OutChar) for UART2_OutChar
    cecs447project2mcu1-1.o(.text.Mode2) refers to cecs447project2mcu1-1.o(.bss.current_mode) for current_mode
    cecs447project2mcu1-1.o(.text.Mode2) refers to cecs447project2mcu1-1.o(.text.Mode2_Menu) for Mode2_Menu
    cecs447project2mcu1-1.o(.text.Mode2) refers to cecs447project2mcu1-1.o(.text.Color_to_String) for Color_to_String
    cecs447project2mcu1-1.o(.text.Mode2) refers to cecs447project2mcu1-1.o(.bss.color) for color
    cecs447project2mcu1-1.o(.text.Mode2) refers to uart0.o(.text.UART0_OutString) for UART0_OutString
    cecs447project2mcu1-1.o(.text.Mode2) refers to uart0.o(.text.UART0_OutCRLF) for UART0_OutCRLF
    cecs447project2mcu1-1.o(.text.Mode2) refers to cecs447project2mcu1-1.o(.bss.end_of_str) for end_of_str
    cecs447project2mcu1-1.o(.text.Mode2) refers to startup.o(.text) for WaitForInterrupt
    cecs447project2mcu1-1.o(.text.Mode2) refers to cecs447project2mcu1-1.o(.bss.str_idx) for str_idx
    cecs447project2mcu1-1.o(.ARM.exidx.text.Mode2) refers to cecs447project2mcu1-1.o(.text.Mode2) for [Anonymous Symbol]
    cecs447project2mcu1-1.o(.text.Mode3) refers to uart2.o(.text.UART2_OutChar) for UART2_OutChar
    cecs447project2mcu1-1.o(.text.Mode3) refers to cecs447project2mcu1-1.o(.bss.current_mode) for current_mode
    cecs447project2mcu1-1.o(.text.Mode3) refers to uart0.o(.text.UART0_OutCRLF) for UART0_OutCRLF
    cecs447project2mcu1-1.o(.text.Mode3) refers to cecs447project2mcu1-1.o(.rodata.str1.1) for .L.str.1
    cecs447project2mcu1-1.o(.text.Mode3) refers to uart0.o(.text.UART0_OutString) for UART0_OutString
    cecs447project2mcu1-1.o(.text.Mode3) refers to cecs447project2mcu1-1.o(.bss.Exit) for Exit
    cecs447project2mcu1-1.o(.text.Mode3) refers to cecs447project2mcu1-1.o(.bss.end_of_str) for end_of_str
    cecs447project2mcu1-1.o(.text.Mode3) refers to startup.o(.text) for WaitForInterrupt
    cecs447project2mcu1-1.o(.text.Mode3) refers to cecs447project2mcu1-1.o(.bss.string) for string
    cecs447project2mcu1-1.o(.text.Mode3) refers to uart2.o(.text.UART2_OutString) for UART2_OutString
    cecs447project2mcu1-1.o(.ARM.exidx.text.Mode3) refers to cecs447project2mcu1-1.o(.text.Mode3) for [Anonymous Symbol]
    cecs447project2mcu1-1.o(.text.Mode1_Menu) refers to uart0.o(.text.UART0_OutCRLF) for UART0_OutCRLF
    cecs447project2mcu1-1.o(.text.Mode1_Menu) refers to cecs447project2mcu1-1.o(.rodata.str1.1) for .L.str.19
    cecs447project2mcu1-1.o(.text.Mode1_Menu) refers to uart0.o(.text.UART0_OutString) for UART0_OutString
    cecs447project2mcu1-1.o(.ARM.exidx.text.Mode1_Menu) refers to cecs447project2mcu1-1.o(.text.Mode1_Menu) for [Anonymous Symbol]
    cecs447project2mcu1-1.o(.text.Mode1Option1) refers to uart0.o(.text.UART0_OutCRLF) for UART0_OutCRLF
    cecs447project2mcu1-1.o(.text.Mode1Option1) refers to cecs447project2mcu1-1.o(.bss.end_of_str) for end_of_str
    cecs447project2mcu1-1.o(.text.Mode1Option1) refers to cecs447project2mcu1-1.o(.bss.str_idx) for str_idx
    cecs447project2mcu1-1.o(.text.Mode1Option1) refers to cecs447project2mcu1-1.o(.rodata.str1.1) for .L.str.5
    cecs447project2mcu1-1.o(.text.Mode1Option1) refers to uart0.o(.text.UART0_OutString) for UART0_OutString
    cecs447project2mcu1-1.o(.text.Mode1Option1) refers to startup.o(.text) for WaitForInterrupt
    cecs447project2mcu1-1.o(.text.Mode1Option1) refers to cecs447project2mcu1-1.o(.bss.string) for string
    cecs447project2mcu1-1.o(.text.Mode1Option1) refers to cecs447project2mcu1-1.o(.text.Color_to_String) for Color_to_String
    cecs447project2mcu1-1.o(.text.Mode1Option1) refers to cecs447project2mcu1-1.o(.bss.color) for color
    cecs447project2mcu1-1.o(.text.Mode1Option1) refers to cecs447project2mcu1-1.o(.text.Mode1) for Mode1
    cecs447project2mcu1-1.o(.ARM.exidx.text.Mode1Option1) refers to cecs447project2mcu1-1.o(.text.Mode1Option1) for [Anonymous Symbol]
    cecs447project2mcu1-1.o(.text.Mode1Option2) refers to uart0.o(.text.UART0_OutCRLF) for UART0_OutCRLF
    cecs447project2mcu1-1.o(.text.Mode1Option2) refers to cecs447project2mcu1-1.o(.rodata.str1.1) for .L.str.8
    cecs447project2mcu1-1.o(.text.Mode1Option2) refers to uart0.o(.text.UART0_OutString) for UART0_OutString
    cecs447project2mcu1-1.o(.text.Mode1Option2) refers to cecs447project2mcu1-1.o(.bss.end_of_str) for end_of_str
    cecs447project2mcu1-1.o(.text.Mode1Option2) refers to startup.o(.text) for WaitForInterrupt
    cecs447project2mcu1-1.o(.text.Mode1Option2) refers to cecs447project2mcu1-1.o(.bss.str_idx) for str_idx
    cecs447project2mcu1-1.o(.text.Mode1Option2) refers to cecs447project2mcu1-1.o(.bss.string) for string
    cecs447project2mcu1-1.o(.text.Mode1Option2) refers to cecs447project2mcu1-1.o(.text.Str_to_UDec) for Str_to_UDec
    cecs447project2mcu1-1.o(.text.Mode1Option2) refers to cecs447project2mcu1-1.o(.bss.brightness) for brightness
    cecs447project2mcu1-1.o(.text.Mode1Option2) refers to ledsw.o(.bss.Low_Trigger) for Low_Trigger
    cecs447project2mcu1-1.o(.text.Mode1Option2) refers to ledsw.o(.bss.High_Trigger) for High_Trigger
    cecs447project2mcu1-1.o(.text.Mode1Option2) refers to cecs447project2mcu1-1.o(.bss.color) for color
    cecs447project2mcu1-1.o(.text.Mode1Option2) refers to cecs447project2mcu1-1.o(.text.Mode1) for Mode1
    cecs447project2mcu1-1.o(.ARM.exidx.text.Mode1Option2) refers to cecs447project2mcu1-1.o(.text.Mode1Option2) for [Anonymous Symbol]
    cecs447project2mcu1-1.o(.text.Mode1Option3) refers to uart0.o(.text.UART0_OutCRLF) for UART0_OutCRLF
    cecs447project2mcu1-1.o(.ARM.exidx.text.Mode1Option3) refers to cecs447project2mcu1-1.o(.text.Mode1Option3) for [Anonymous Symbol]
    cecs447project2mcu1-1.o(.text.Mode2_Menu) refers to uart0.o(.text.UART0_OutCRLF) for UART0_OutCRLF
    cecs447project2mcu1-1.o(.text.Mode2_Menu) refers to cecs447project2mcu1-1.o(.rodata.str1.1) for .L.str.24
    cecs447project2mcu1-1.o(.text.Mode2_Menu) refers to uart0.o(.text.UART0_OutString) for UART0_OutString
    cecs447project2mcu1-1.o(.ARM.exidx.text.Mode2_Menu) refers to cecs447project2mcu1-1.o(.text.Mode2_Menu) for [Anonymous Symbol]
    cecs447project2mcu1-1.o(.ARM.exidx.text.Str_to_UDec) refers to cecs447project2mcu1-1.o(.text.Str_to_UDec) for [Anonymous Symbol]
    cecs447project2mcu1-1.o(.text.Color_to_String) refers to cecs447project2mcu1-1.o(.bss.i) for i
    cecs447project2mcu1-1.o(.text.Color_to_String) refers to cecs447project2mcu1-1.o(.rodata.str1.1) for .L.str.32
    cecs447project2mcu1-1.o(.ARM.exidx.text.Color_to_String) refers to cecs447project2mcu1-1.o(.text.Color_to_String) for [Anonymous Symbol]
    cecs447project2mcu1-1.o(.text.GPIOPortF_Handler) refers to cecs447project2mcu1-1.o(.bss.i) for i
    cecs447project2mcu1-1.o(.text.GPIOPortF_Handler) refers to cecs447project2mcu1-1.o(.rodata.color_wheel) for color_wheel
    cecs447project2mcu1-1.o(.text.GPIOPortF_Handler) refers to cecs447project2mcu1-1.o(.bss.current_mode) for current_mode
    cecs447project2mcu1-1.o(.text.GPIOPortF_Handler) refers to uart2.o(.text.UART2_OutChar) for UART2_OutChar
    cecs447project2mcu1-1.o(.text.GPIOPortF_Handler) refers to uart0.o(.text.UART0_OutCRLF) for UART0_OutCRLF
    cecs447project2mcu1-1.o(.text.GPIOPortF_Handler) refers to cecs447project2mcu1-1.o(.rodata.str1.1) for .L.str.24
    cecs447project2mcu1-1.o(.text.GPIOPortF_Handler) refers to uart0.o(.text.UART0_OutString) for UART0_OutString
    cecs447project2mcu1-1.o(.text.GPIOPortF_Handler) refers to cecs447project2mcu1-1.o(.text.Color_to_String) for Color_to_String
    cecs447project2mcu1-1.o(.text.GPIOPortF_Handler) refers to cecs447project2mcu1-1.o(.bss.color) for color
    cecs447project2mcu1-1.o(.text.GPIOPortF_Handler) refers to cecs447project2mcu1-1.o(.bss.Exit) for Exit
    cecs447project2mcu1-1.o(.ARM.exidx.text.GPIOPortF_Handler) refers to cecs447project2mcu1-1.o(.text.GPIOPortF_Handler) for [Anonymous Symbol]
    cecs447project2mcu1-1.o(.text.UART0_Handler) refers to cecs447project2mcu1-1.o(.bss.end_of_str) for end_of_str
    cecs447project2mcu1-1.o(.text.UART0_Handler) refers to cecs447project2mcu1-1.o(.bss.str_idx) for str_idx
    cecs447project2mcu1-1.o(.text.UART0_Handler) refers to cecs447project2mcu1-1.o(.bss.string) for string
    cecs447project2mcu1-1.o(.text.UART0_Handler) refers to uart0.o(.text.UART0_OutChar) for UART0_OutChar
    cecs447project2mcu1-1.o(.ARM.exidx.text.UART0_Handler) refers to cecs447project2mcu1-1.o(.text.UART0_Handler) for [Anonymous Symbol]
    cecs447project2mcu1-1.o(.ARM.exidx.text.UART2_Handler) refers to cecs447project2mcu1-1.o(.text.UART2_Handler) for [Anonymous Symbol]
    cecs447project2mcu1-1.o(.text.SysTick_Handler) refers to cecs447project2mcu1-1.o(.bss.i) for i
    cecs447project2mcu1-1.o(.text.SysTick_Handler) refers to cecs447project2mcu1-1.o(.rodata.color_wheel) for color_wheel
    cecs447project2mcu1-1.o(.text.SysTick_Handler) refers to ledsw.o(.bss.Low_Trigger) for Low_Trigger
    cecs447project2mcu1-1.o(.text.SysTick_Handler) refers to ledsw.o(.bss.High_Trigger) for High_Trigger
    cecs447project2mcu1-1.o(.ARM.exidx.text.SysTick_Handler) refers to cecs447project2mcu1-1.o(.text.SysTick_Handler) for [Anonymous Symbol]
    uart0.o(.ARM.exidx.text.UART0_Init) refers to uart0.o(.text.UART0_Init) for [Anonymous Symbol]
    uart0.o(.text.UART0_OutCRLF) refers to uart0.o(.text.UART0_OutChar) for UART0_OutChar
    uart0.o(.ARM.exidx.text.UART0_OutCRLF) refers to uart0.o(.text.UART0_OutCRLF) for [Anonymous Symbol]
    uart0.o(.ARM.exidx.text.UART0_OutChar) refers to uart0.o(.text.UART0_OutChar) for [Anonymous Symbol]
    uart0.o(.ARM.exidx.text.UART0_InChar) refers to uart0.o(.text.UART0_InChar) for [Anonymous Symbol]
    uart0.o(.text.UART0_OutString) refers to uart0.o(.text.UART0_OutChar) for UART0_OutChar
    uart0.o(.ARM.exidx.text.UART0_OutString) refers to uart0.o(.text.UART0_OutString) for [Anonymous Symbol]
    uart0.o(.text.UART_InUDec) refers to uart0.o(.text.UART0_InChar) for UART0_InChar
    uart0.o(.text.UART_InUDec) refers to uart0.o(.text.UART0_OutChar) for UART0_OutChar
    uart0.o(.ARM.exidx.text.UART_InUDec) refers to uart0.o(.text.UART_InUDec) for [Anonymous Symbol]
    uart0.o(.text.UART_OutUDec) refers to uart0.o(.text.UART0_OutChar) for UART0_OutChar
    uart0.o(.ARM.exidx.text.UART_OutUDec) refers to uart0.o(.text.UART_OutUDec) for [Anonymous Symbol]
    uart0.o(.text.UART0_InString) refers to uart0.o(.text.UART0_InChar) for UART0_InChar
    uart0.o(.text.UART0_InString) refers to uart0.o(.text.UART0_OutChar) for UART0_OutChar
    uart0.o(.ARM.exidx.text.UART0_InString) refers to uart0.o(.text.UART0_InString) for [Anonymous Symbol]
    ledsw.o(.text.LEDSW_Init) refers to ledsw.o(.bss.High_Trigger) for High_Trigger
    ledsw.o(.text.LEDSW_Init) refers to ledsw.o(.bss.Low_Trigger) for Low_Trigger
    ledsw.o(.ARM.exidx.text.LEDSW_Init) refers to ledsw.o(.text.LEDSW_Init) for [Anonymous Symbol]
    uart2.o(.ARM.exidx.text.UART2_Init) refers to uart2.o(.text.UART2_Init) for [Anonymous Symbol]
    uart2.o(.text.UART2_OutCRLF) refers to uart2.o(.text.UART2_OutChar) for UART2_OutChar
    uart2.o(.ARM.exidx.text.UART2_OutCRLF) refers to uart2.o(.text.UART2_OutCRLF) for [Anonymous Symbol]
    uart2.o(.ARM.exidx.text.UART2_OutChar) refers to uart2.o(.text.UART2_OutChar) for [Anonymous Symbol]
    uart2.o(.ARM.exidx.text.UART2_InChar) refers to uart2.o(.text.UART2_InChar) for [Anonymous Symbol]
    uart2.o(.text.UART2_OutString) refers to uart2.o(.text.UART2_OutChar) for UART2_OutChar
    uart2.o(.ARM.exidx.text.UART2_OutString) refers to uart2.o(.text.UART2_OutString) for [Anonymous Symbol]
    uart2.o(.text.UART2_InString) refers to uart2.o(.text.UART2_InChar) for UART2_InChar
    uart2.o(.text.UART2_InString) refers to uart2.o(.text.UART2_OutChar) for UART2_OutChar
    uart2.o(.ARM.exidx.text.UART2_InString) refers to uart2.o(.text.UART2_InString) for [Anonymous Symbol]
    systick.o(.ARM.exidx.text.SysTick_Init) refers to systick.o(.text.SysTick_Init) for [Anonymous Symbol]
    systick.o(.ARM.exidx.text.SysTick_Start) refers to systick.o(.text.SysTick_Start) for [Anonymous Symbol]
    systick.o(.ARM.exidx.text.SysTick_Stop) refers to systick.o(.text.SysTick_Stop) for [Anonymous Symbol]
    systick.o(.ARM.exidx.text.SysTick_Get_MC_Elapsed) refers to systick.o(.text.SysTick_Get_MC_Elapsed) for [Anonymous Symbol]
    systick.o(.ARM.exidx.text.SysTick_Wait1us) refers to systick.o(.text.SysTick_Wait1us) for [Anonymous Symbol]
    __main.o(!!!main) refers to __rtentry.o(.ARM.Collect$$rtentry$$00000000) for __rt_entry
    __rtentry.o(.ARM.Collect$$rtentry$$00000000) refers (Special) to __rtentry2.o(.ARM.Collect$$rtentry$$0000000A) for __rt_entry_li
    __rtentry.o(.ARM.Collect$$rtentry$$00000000) refers (Special) to __rtentry2.o(.ARM.Collect$$rtentry$$0000000D) for __rt_entry_main
    __rtentry.o(.ARM.Collect$$rtentry$$00000000) refers (Special) to __rtentry2.o(.ARM.Collect$$rtentry$$0000000C) for __rt_entry_postli_1
    __rtentry.o(.ARM.Collect$$rtentry$$00000000) refers (Special) to __rtentry2.o(.ARM.Collect$$rtentry$$00000009) for __rt_entry_postsh_1
    __rtentry.o(.ARM.Collect$$rtentry$$00000000) refers (Special) to __rtentry2.o(.ARM.Collect$$rtentry$$00000002) for __rt_entry_presh_1
    __rtentry.o(.ARM.Collect$$rtentry$$00000000) refers (Special) to __rtentry4.o(.ARM.Collect$$rtentry$$00000004) for __rt_entry_sh
    __rtentry2.o(.ARM.Collect$$rtentry$$00000008) refers to boardinit2.o(.text) for _platform_post_stackheap_init
    __rtentry2.o(.ARM.Collect$$rtentry$$0000000A) refers to libinit.o(.ARM.Collect$$libinit$$00000000) for __rt_lib_init
    __rtentry2.o(.ARM.Collect$$rtentry$$0000000B) refers to boardinit3.o(.text) for _platform_post_lib_init
    __rtentry2.o(.ARM.Collect$$rtentry$$0000000D) refers to cecs447project2mcu1-1.o(.text.main) for main
    __rtentry2.o(.ARM.Collect$$rtentry$$0000000D) refers to exit.o(.text) for exit
    __rtentry2.o(.ARM.exidx) refers to __rtentry2.o(.ARM.Collect$$rtentry$$00000001) for .ARM.Collect$$rtentry$$00000001
    __rtentry2.o(.ARM.exidx) refers to __rtentry2.o(.ARM.Collect$$rtentry$$00000008) for .ARM.Collect$$rtentry$$00000008
    __rtentry2.o(.ARM.exidx) refers to __rtentry2.o(.ARM.Collect$$rtentry$$0000000A) for .ARM.Collect$$rtentry$$0000000A
    __rtentry2.o(.ARM.exidx) refers to __rtentry2.o(.ARM.Collect$$rtentry$$0000000B) for .ARM.Collect$$rtentry$$0000000B
    __rtentry2.o(.ARM.exidx) refers to __rtentry2.o(.ARM.Collect$$rtentry$$0000000D) for .ARM.Collect$$rtentry$$0000000D
    __rtentry4.o(.ARM.Collect$$rtentry$$00000004) refers to sys_stackheap_outer.o(.text) for __user_setup_stackheap
    __rtentry4.o(.ARM.exidx) refers to __rtentry4.o(.ARM.Collect$$rtentry$$00000004) for .ARM.Collect$$rtentry$$00000004
    sys_stackheap_outer.o(.text) refers to libspace.o(.text) for __user_perproc_libspace
    sys_stackheap_outer.o(.text) refers to startup.o(.text) for __user_initial_stackheap
    exit.o(.text) refers to rtexit.o(.ARM.Collect$$rtexit$$00000000) for __rt_exit
    libinit.o(.ARM.Collect$$libinit$$00000000) refers (Special) to libinit2.o(.ARM.Collect$$libinit$$00000030) for __rt_lib_init_alloca_1
    libinit.o(.ARM.Collect$$libinit$$00000000) refers (Special) to libinit2.o(.ARM.Collect$$libinit$$0000002E) for __rt_lib_init_argv_1
    libinit.o(.ARM.Collect$$libinit$$00000000) refers (Special) to libinit2.o(.ARM.Collect$$libinit$$0000001D) for __rt_lib_init_atexit_1
    libinit.o(.ARM.Collect$$libinit$$00000000) refers (Special) to libinit2.o(.ARM.Collect$$libinit$$00000023) for __rt_lib_init_clock_1
    libinit.o(.ARM.Collect$$libinit$$00000000) refers (Special) to libinit2.o(.ARM.Collect$$libinit$$00000034) for __rt_lib_init_cpp_1
    libinit.o(.ARM.Collect$$libinit$$00000000) refers (Special) to libinit2.o(.ARM.Collect$$libinit$$00000032) for __rt_lib_init_exceptions_1
    libinit.o(.ARM.Collect$$libinit$$00000000) refers (Special) to libinit2.o(.ARM.Collect$$libinit$$00000002) for __rt_lib_init_fp_1
    libinit.o(.ARM.Collect$$libinit$$00000000) refers (Special) to libinit2.o(.ARM.Collect$$libinit$$00000021) for __rt_lib_init_fp_trap_1
    libinit.o(.ARM.Collect$$libinit$$00000000) refers (Special) to libinit2.o(.ARM.Collect$$libinit$$00000025) for __rt_lib_init_getenv_1
    libinit.o(.ARM.Collect$$libinit$$00000000) refers (Special) to libinit2.o(.ARM.Collect$$libinit$$0000000C) for __rt_lib_init_heap_1
    libinit.o(.ARM.Collect$$libinit$$00000000) refers (Special) to libinit2.o(.ARM.Collect$$libinit$$00000013) for __rt_lib_init_lc_collate_1
    libinit.o(.ARM.Collect$$libinit$$00000000) refers (Special) to libinit2.o(.ARM.Collect$$libinit$$00000015) for __rt_lib_init_lc_ctype_1
    libinit.o(.ARM.Collect$$libinit$$00000000) refers (Special) to libinit2.o(.ARM.Collect$$libinit$$00000017) for __rt_lib_init_lc_monetary_1
    libinit.o(.ARM.Collect$$libinit$$00000000) refers (Special) to libinit2.o(.ARM.Collect$$libinit$$00000019) for __rt_lib_init_lc_numeric_1
    libinit.o(.ARM.Collect$$libinit$$00000000) refers (Special) to libinit2.o(.ARM.Collect$$libinit$$0000001B) for __rt_lib_init_lc_time_1
    libinit.o(.ARM.Collect$$libinit$$00000000) refers (Special) to libinit2.o(.ARM.Collect$$libinit$$00000006) for __rt_lib_init_preinit_1
    libinit.o(.ARM.Collect$$libinit$$00000000) refers (Special) to libinit2.o(.ARM.Collect$$libinit$$00000010) for __rt_lib_init_rand_1
    libinit.o(.ARM.Collect$$libinit$$00000000) refers (Special) to libinit2.o(.ARM.Collect$$libinit$$00000004) for __rt_lib_init_relocate_pie_1
    libinit.o(.ARM.Collect$$libinit$$00000000) refers (Special) to libinit2.o(.ARM.Collect$$libinit$$00000035) for __rt_lib_init_return
    libinit.o(.ARM.Collect$$libinit$$00000000) refers (Special) to libinit2.o(.ARM.Collect$$libinit$$0000001F) for __rt_lib_init_signal_1
    libinit.o(.ARM.Collect$$libinit$$00000000) refers (Special) to libinit2.o(.ARM.Collect$$libinit$$00000027) for __rt_lib_init_stdio_1
    libinit.o(.ARM.Collect$$libinit$$00000000) refers (Special) to libinit2.o(.ARM.Collect$$libinit$$0000000E) for __rt_lib_init_user_alloc_1
    libspace.o(.text) refers to libspace.o(.bss) for __libspace_start
    rtexit.o(.ARM.Collect$$rtexit$$00000000) refers (Special) to rtexit2.o(.ARM.Collect$$rtexit$$00000004) for __rt_exit_exit
    rtexit.o(.ARM.Collect$$rtexit$$00000000) refers (Special) to rtexit2.o(.ARM.Collect$$rtexit$$00000003) for __rt_exit_ls
    rtexit.o(.ARM.Collect$$rtexit$$00000000) refers (Special) to rtexit2.o(.ARM.Collect$$rtexit$$00000002) for __rt_exit_prels_1
    rtexit.o(.ARM.exidx) refers (Special) to rtexit2.o(.ARM.Collect$$rtexit$$00000004) for __rt_exit_exit
    rtexit.o(.ARM.exidx) refers (Special) to rtexit2.o(.ARM.Collect$$rtexit$$00000003) for __rt_exit_ls
    rtexit.o(.ARM.exidx) refers (Special) to rtexit2.o(.ARM.Collect$$rtexit$$00000002) for __rt_exit_prels_1
    rtexit.o(.ARM.exidx) refers to rtexit.o(.ARM.Collect$$rtexit$$00000000) for .ARM.Collect$$rtexit$$00000000
    libinit2.o(.ARM.Collect$$libinit$$00000012) refers to libinit2.o(.ARM.Collect$$libinit$$00000011) for .ARM.Collect$$libinit$$00000011
    libinit2.o(.ARM.Collect$$libinit$$00000014) refers to libinit2.o(.ARM.Collect$$libinit$$00000011) for .ARM.Collect$$libinit$$00000011
    libinit2.o(.ARM.Collect$$libinit$$00000016) refers to libinit2.o(.ARM.Collect$$libinit$$00000011) for .ARM.Collect$$libinit$$00000011
    libinit2.o(.ARM.Collect$$libinit$$00000018) refers to libinit2.o(.ARM.Collect$$libinit$$00000011) for .ARM.Collect$$libinit$$00000011
    libinit2.o(.ARM.Collect$$libinit$$0000001A) refers to libinit2.o(.ARM.Collect$$libinit$$00000011) for .ARM.Collect$$libinit$$00000011
    libinit2.o(.ARM.Collect$$libinit$$00000028) refers to argv_veneer.o(.emb_text) for __ARM_argv_veneer
    libinit2.o(.ARM.Collect$$libinit$$00000029) refers to argv_veneer.o(.emb_text) for __ARM_argv_veneer
    rtexit2.o(.ARM.Collect$$rtexit$$00000003) refers to libshutdown.o(.ARM.Collect$$libshutdown$$00000000) for __rt_lib_shutdown
    rtexit2.o(.ARM.Collect$$rtexit$$00000004) refers to sys_exit.o(.text) for _sys_exit
    rtexit2.o(.ARM.exidx) refers to rtexit2.o(.ARM.Collect$$rtexit$$00000001) for .ARM.Collect$$rtexit$$00000001
    rtexit2.o(.ARM.exidx) refers to rtexit2.o(.ARM.Collect$$rtexit$$00000003) for .ARM.Collect$$rtexit$$00000003
    rtexit2.o(.ARM.exidx) refers to rtexit2.o(.ARM.Collect$$rtexit$$00000004) for .ARM.Collect$$rtexit$$00000004
    argv_veneer.o(.emb_text) refers to no_argv.o(.text) for __ARM_get_argv
    sys_exit.o(.text) refers (Special) to use_no_semi.o(.text) for __I$use$semihosting
    sys_exit.o(.text) refers (Special) to indicate_semi.o(.text) for __semihosting_library_function
    sys_exit_hlt.o(.text) refers (Special) to use_no_semi.o(.text) for __I$use$semihosting
    sys_exit_hlt.o(.text) refers (Special) to indicate_semi.o(.text) for __semihosting_library_function
    _get_argv_nomalloc.o(.text) refers (Special) to hrguard.o(.text) for __heap_region$guard
    _get_argv_nomalloc.o(.text) refers to defsig_rtmem_outer.o(.text) for __rt_SIGRTMEM
    _get_argv_nomalloc.o(.text) refers to sys_command.o(.text) for _sys_command_string
    libshutdown.o(.ARM.Collect$$libshutdown$$00000000) refers (Special) to libshutdown2.o(.ARM.Collect$$libshutdown$$00000002) for __rt_lib_shutdown_cpp_1
    libshutdown.o(.ARM.Collect$$libshutdown$$00000000) refers (Special) to libshutdown2.o(.ARM.Collect$$libshutdown$$00000007) for __rt_lib_shutdown_fp_trap_1
    libshutdown.o(.ARM.Collect$$libshutdown$$00000000) refers (Special) to libshutdown2.o(.ARM.Collect$$libshutdown$$0000000F) for __rt_lib_shutdown_heap_1
    libshutdown.o(.ARM.Collect$$libshutdown$$00000000) refers (Special) to libshutdown2.o(.ARM.Collect$$libshutdown$$00000010) for __rt_lib_shutdown_return
    libshutdown.o(.ARM.Collect$$libshutdown$$00000000) refers (Special) to libshutdown2.o(.ARM.Collect$$libshutdown$$0000000A) for __rt_lib_shutdown_signal_1
    libshutdown.o(.ARM.Collect$$libshutdown$$00000000) refers (Special) to libshutdown2.o(.ARM.Collect$$libshutdown$$00000004) for __rt_lib_shutdown_stdio_1
    libshutdown.o(.ARM.Collect$$libshutdown$$00000000) refers (Special) to libshutdown2.o(.ARM.Collect$$libshutdown$$0000000C) for __rt_lib_shutdown_user_alloc_1
    sys_command.o(.text) refers (Special) to use_no_semi.o(.text) for __I$use$semihosting
    sys_command.o(.text) refers (Special) to indicate_semi.o(.text) for __semihosting_library_function
    sys_command_hlt.o(.text) refers (Special) to use_no_semi.o(.text) for __I$use$semihosting
    sys_command_hlt.o(.text) refers (Special) to indicate_semi.o(.text) for __semihosting_library_function
    defsig_rtmem_outer.o(.text) refers to defsig_rtmem_inner.o(.text) for __rt_SIGRTMEM_inner
    defsig_rtmem_outer.o(.text) refers to defsig_exit.o(.text) for __sig_exit
    defsig_rtmem_formal.o(.text) refers to rt_raise.o(.text) for __rt_raise
    rt_raise.o(.text) refers to __raise.o(.text) for __raise
    rt_raise.o(.text) refers to sys_exit.o(.text) for _sys_exit
    defsig_exit.o(.text) refers to sys_exit.o(.text) for _sys_exit
    defsig_rtmem_inner.o(.text) refers to defsig_general.o(.text) for __default_signal_display
    __raise.o(.text) refers to defsig.o(CL$$defsig) for __default_signal_handler
    defsig_general.o(.text) refers to sys_wrch.o(.text) for _ttywrch
    sys_wrch.o(.text) refers (Special) to use_no_semi.o(.text) for __I$use$semihosting
    sys_wrch.o(.text) refers (Special) to indicate_semi.o(.text) for __semihosting_library_function
    sys_wrch_hlt.o(.text) refers (Special) to use_no_semi.o(.text) for __I$use$semihosting
    sys_wrch_hlt.o(.text) refers (Special) to indicate_semi.o(.text) for __semihosting_library_function
    defsig.o(CL$$defsig) refers to defsig_rtmem_inner.o(.text) for __rt_SIGRTMEM_inner
    defsig_abrt_inner.o(.text) refers to defsig_general.o(.text) for __default_signal_display
    defsig_fpe_inner.o(.text) refers to defsig_general.o(.text) for __default_signal_display
    defsig_rtred_inner.o(.text) refers to defsig_general.o(.text) for __default_signal_display
    defsig_stak_inner.o(.text) refers to defsig_general.o(.text) for __default_signal_display
    defsig_pvfn_inner.o(.text) refers to defsig_general.o(.text) for __default_signal_display
    defsig_cppl_inner.o(.text) refers to defsig_general.o(.text) for __default_signal_display
    defsig_segv_inner.o(.text) refers to defsig_general.o(.text) for __default_signal_display
    defsig_other.o(.text) refers to defsig_general.o(.text) for __default_signal_display


==============================================================================

Removing Unused input sections from the image.

    Removing pll.o(.text), (0 bytes).
    Removing pll.o(.ARM.exidx.text.PLL_Init), (8 bytes).
    Removing cecs447project2mcu1-1.o(.text), (0 bytes).
    Removing cecs447project2mcu1-1.o(.ARM.exidx.text.main), (8 bytes).
    Removing cecs447project2mcu1-1.o(.ARM.exidx.text.Display_Menu), (8 bytes).
    Removing cecs447project2mcu1-1.o(.ARM.exidx.text.Mode1), (8 bytes).
    Removing cecs447project2mcu1-1.o(.ARM.exidx.text.Mode2), (8 bytes).
    Removing cecs447project2mcu1-1.o(.ARM.exidx.text.Mode3), (8 bytes).
    Removing cecs447project2mcu1-1.o(.ARM.exidx.text.Mode1_Menu), (8 bytes).
    Removing cecs447project2mcu1-1.o(.ARM.exidx.text.Mode1Option1), (8 bytes).
    Removing cecs447project2mcu1-1.o(.ARM.exidx.text.Mode1Option2), (8 bytes).
    Removing cecs447project2mcu1-1.o(.ARM.exidx.text.Mode1Option3), (8 bytes).
    Removing cecs447project2mcu1-1.o(.ARM.exidx.text.Mode2_Menu), (8 bytes).
    Removing cecs447project2mcu1-1.o(.ARM.exidx.text.Str_to_UDec), (8 bytes).
    Removing cecs447project2mcu1-1.o(.ARM.exidx.text.Color_to_String), (8 bytes).
    Removing cecs447project2mcu1-1.o(.ARM.exidx.text.GPIOPortF_Handler), (8 bytes).
    Removing cecs447project2mcu1-1.o(.ARM.exidx.text.UART0_Handler), (8 bytes).
    Removing cecs447project2mcu1-1.o(.ARM.exidx.text.UART2_Handler), (8 bytes).
    Removing cecs447project2mcu1-1.o(.ARM.exidx.text.SysTick_Handler), (8 bytes).
    Removing cecs447project2mcu1-1.o(.ARM.use_no_argv), (4 bytes).
    Removing uart0.o(.text), (0 bytes).
    Removing uart0.o(.ARM.exidx.text.UART0_Init), (8 bytes).
    Removing uart0.o(.ARM.exidx.text.UART0_OutCRLF), (8 bytes).
    Removing uart0.o(.ARM.exidx.text.UART0_OutChar), (8 bytes).
    Removing uart0.o(.text.UART0_InChar), (36 bytes).
    Removing uart0.o(.ARM.exidx.text.UART0_InChar), (8 bytes).
    Removing uart0.o(.ARM.exidx.text.UART0_OutString), (8 bytes).
    Removing uart0.o(.text.UART_InUDec), (152 bytes).
    Removing uart0.o(.ARM.exidx.text.UART_InUDec), (8 bytes).
    Removing uart0.o(.text.UART_OutUDec), (72 bytes).
    Removing uart0.o(.ARM.exidx.text.UART_OutUDec), (8 bytes).
    Removing uart0.o(.text.UART0_InString), (136 bytes).
    Removing uart0.o(.ARM.exidx.text.UART0_InString), (8 bytes).
    Removing ledsw.o(.text), (0 bytes).
    Removing ledsw.o(.ARM.exidx.text.LEDSW_Init), (8 bytes).
    Removing uart2.o(.text), (0 bytes).
    Removing uart2.o(.ARM.exidx.text.UART2_Init), (8 bytes).
    Removing uart2.o(.text.UART2_OutCRLF), (16 bytes).
    Removing uart2.o(.ARM.exidx.text.UART2_OutCRLF), (8 bytes).
    Removing uart2.o(.ARM.exidx.text.UART2_OutChar), (8 bytes).
    Removing uart2.o(.text.UART2_InChar), (36 bytes).
    Removing uart2.o(.ARM.exidx.text.UART2_InChar), (8 bytes).
    Removing uart2.o(.ARM.exidx.text.UART2_OutString), (8 bytes).
    Removing uart2.o(.text.UART2_InString), (136 bytes).
    Removing uart2.o(.ARM.exidx.text.UART2_InString), (8 bytes).
    Removing systick.o(.text), (0 bytes).
    Removing systick.o(.ARM.exidx.text.SysTick_Init), (8 bytes).
    Removing systick.o(.text.SysTick_Start), (46 bytes).
    Removing systick.o(.ARM.exidx.text.SysTick_Start), (8 bytes).
    Removing systick.o(.text.SysTick_Stop), (14 bytes).
    Removing systick.o(.ARM.exidx.text.SysTick_Stop), (8 bytes).
    Removing systick.o(.text.SysTick_Get_MC_Elapsed), (24 bytes).
    Removing systick.o(.ARM.exidx.text.SysTick_Get_MC_Elapsed), (8 bytes).
    Removing systick.o(.text.SysTick_Wait1us), (92 bytes).
    Removing systick.o(.ARM.exidx.text.SysTick_Wait1us), (8 bytes).

55 unused section(s) (total 1060 bytes) removed from the image.

==============================================================================

Image Symbol Table

    Local Symbols

    Symbol Name                              Value     Ov Type        Size  Object(Section)

    ../clib/angel/boardlib.s                 0x00000000   Number         0  boardinit1.o ABSOLUTE
    ../clib/angel/boardlib.s                 0x00000000   Number         0  boardinit2.o ABSOLUTE
    ../clib/angel/boardlib.s                 0x00000000   Number         0  boardinit3.o ABSOLUTE
    ../clib/angel/boardlib.s                 0x00000000   Number         0  boardshut.o ABSOLUTE
    ../clib/angel/handlers.s                 0x00000000   Number         0  __scatter_zi.o ABSOLUTE
    ../clib/angel/kernel.s                   0x00000000   Number         0  __rtentry.o ABSOLUTE
    ../clib/angel/kernel.s                   0x00000000   Number         0  __rtentry2.o ABSOLUTE
    ../clib/angel/kernel.s                   0x00000000   Number         0  __rtentry4.o ABSOLUTE
    ../clib/angel/kernel.s                   0x00000000   Number         0  rtexit.o ABSOLUTE
    ../clib/angel/kernel.s                   0x00000000   Number         0  rtexit2.o ABSOLUTE
    ../clib/angel/rt.s                       0x00000000   Number         0  rt_raise.o ABSOLUTE
    ../clib/angel/scatter.s                  0x00000000   Number         0  __scatter.o ABSOLUTE
    ../clib/angel/startup.s                  0x00000000   Number         0  __main.o ABSOLUTE
    ../clib/angel/sys.s                      0x00000000   Number         0  sys_stackheap_outer.o ABSOLUTE
    ../clib/angel/sys.s                      0x00000000   Number         0  libspace.o ABSOLUTE
    ../clib/angel/sys.s                      0x00000000   Number         0  use_no_semi.o ABSOLUTE
    ../clib/angel/sys.s                      0x00000000   Number         0  indicate_semi.o ABSOLUTE
    ../clib/angel/sysapp.c                   0x00000000   Number         0  sys_exit.o ABSOLUTE
    ../clib/angel/sysapp.c                   0x00000000   Number         0  sys_exit_hlt.o ABSOLUTE
    ../clib/angel/sysapp.c                   0x00000000   Number         0  sys_command.o ABSOLUTE
    ../clib/angel/sysapp.c                   0x00000000   Number         0  sys_command_hlt.o ABSOLUTE
    ../clib/angel/sysapp.c                   0x00000000   Number         0  sys_wrch.o ABSOLUTE
    ../clib/angel/sysapp.c                   0x00000000   Number         0  sys_wrch_hlt.o ABSOLUTE
    ../clib/armsys.c                         0x00000000   Number         0  argv_veneer.o ABSOLUTE
    ../clib/armsys.c                         0x00000000   Number         0  argv_veneer.o ABSOLUTE
    ../clib/armsys.c                         0x00000000   Number         0  _get_argv_nomalloc.o ABSOLUTE
    ../clib/armsys.c                         0x00000000   Number         0  no_argv.o ABSOLUTE
    ../clib/heapalloc.c                      0x00000000   Number         0  hrguard.o ABSOLUTE
    ../clib/heapaux.c                        0x00000000   Number         0  heapauxi.o ABSOLUTE
    ../clib/libinit.s                        0x00000000   Number         0  libinit.o ABSOLUTE
    ../clib/libinit.s                        0x00000000   Number         0  libinit2.o ABSOLUTE
    ../clib/libinit.s                        0x00000000   Number         0  libshutdown.o ABSOLUTE
    ../clib/libinit.s                        0x00000000   Number         0  libshutdown2.o ABSOLUTE
    ../clib/signal.c                         0x00000000   Number         0  defsig_rtmem_outer.o ABSOLUTE
    ../clib/signal.c                         0x00000000   Number         0  defsig_rtmem_formal.o ABSOLUTE
    ../clib/signal.c                         0x00000000   Number         0  defsig_exit.o ABSOLUTE
    ../clib/signal.c                         0x00000000   Number         0  defsig_rtmem_inner.o ABSOLUTE
    ../clib/signal.c                         0x00000000   Number         0  __raise.o ABSOLUTE
    ../clib/signal.c                         0x00000000   Number         0  defsig_general.o ABSOLUTE
    ../clib/signal.c                         0x00000000   Number         0  defsig_abrt_inner.o ABSOLUTE
    ../clib/signal.c                         0x00000000   Number         0  defsig_fpe_inner.o ABSOLUTE
    ../clib/signal.c                         0x00000000   Number         0  defsig_rtred_inner.o ABSOLUTE
    ../clib/signal.c                         0x00000000   Number         0  defsig_stak_inner.o ABSOLUTE
    ../clib/signal.c                         0x00000000   Number         0  defsig_pvfn_inner.o ABSOLUTE
    ../clib/signal.c                         0x00000000   Number         0  defsig_cppl_inner.o ABSOLUTE
    ../clib/signal.c                         0x00000000   Number         0  defsig_segv_inner.o ABSOLUTE
    ../clib/signal.c                         0x00000000   Number         0  defsig_other.o ABSOLUTE
    ../clib/signal.s                         0x00000000   Number         0  defsig.o ABSOLUTE
    ../clib/stdlib.c                         0x00000000   Number         0  exit.o ABSOLUTE
    ../fplib/fpinit.s                        0x00000000   Number         0  fpinit.o ABSOLUTE
    ../fplib/fpinit_empty.s                  0x00000000   Number         0  fpinit_empty.o ABSOLUTE
    CECS447Project2MCU1-1.c                  0x00000000   Number         0  cecs447project2mcu1-1.o ABSOLUTE
    LEDSW.c                                  0x00000000   Number         0  ledsw.o ABSOLUTE
    PLL.c                                    0x00000000   Number         0  pll.o ABSOLUTE
    SysTick.c                                0x00000000   Number         0  systick.o ABSOLUTE
    UART0.c                                  0x00000000   Number         0  uart0.o ABSOLUTE
    UART2.c                                  0x00000000   Number         0  uart2.o ABSOLUTE
    dc.s                                     0x00000000   Number         0  dc.o ABSOLUTE
    startup.s                                0x00000000   Number         0  startup.o ABSOLUTE
    RESET                                    0x00000000   Section      644  startup.o(RESET)
    !!!main                                  0x00000284   Section        8  __main.o(!!!main)
    !!!scatter                               0x0000028c   Section       92  __scatter.o(!!!scatter)
    !!handler_null                           0x000002e8   Section        2  __scatter.o(!!handler_null)
    !!handler_zi                             0x000002ec   Section       28  __scatter_zi.o(!!handler_zi)
    .ARM.Collect$$libinit$$00000000          0x00000308   Section        2  libinit.o(.ARM.Collect$$libinit$$00000000)
    .ARM.Collect$$libinit$$00000002          0x0000030a   Section        0  libinit2.o(.ARM.Collect$$libinit$$00000002)
    .ARM.Collect$$libinit$$00000004          0x0000030a   Section        0  libinit2.o(.ARM.Collect$$libinit$$00000004)
    .ARM.Collect$$libinit$$00000006          0x0000030a   Section        0  libinit2.o(.ARM.Collect$$libinit$$00000006)
    .ARM.Collect$$libinit$$0000000C          0x0000030a   Section        0  libinit2.o(.ARM.Collect$$libinit$$0000000C)
    .ARM.Collect$$libinit$$0000000E          0x0000030a   Section        0  libinit2.o(.ARM.Collect$$libinit$$0000000E)
    .ARM.Collect$$libinit$$00000010          0x0000030a   Section        0  libinit2.o(.ARM.Collect$$libinit$$00000010)
    .ARM.Collect$$libinit$$00000013          0x0000030a   Section        0  libinit2.o(.ARM.Collect$$libinit$$00000013)
    .ARM.Collect$$libinit$$00000015          0x0000030a   Section        0  libinit2.o(.ARM.Collect$$libinit$$00000015)
    .ARM.Collect$$libinit$$00000017          0x0000030a   Section        0  libinit2.o(.ARM.Collect$$libinit$$00000017)
    .ARM.Collect$$libinit$$00000019          0x0000030a   Section        0  libinit2.o(.ARM.Collect$$libinit$$00000019)
    .ARM.Collect$$libinit$$0000001B          0x0000030a   Section        0  libinit2.o(.ARM.Collect$$libinit$$0000001B)
    .ARM.Collect$$libinit$$0000001D          0x0000030a   Section        0  libinit2.o(.ARM.Collect$$libinit$$0000001D)
    .ARM.Collect$$libinit$$0000001F          0x0000030a   Section        0  libinit2.o(.ARM.Collect$$libinit$$0000001F)
    .ARM.Collect$$libinit$$00000021          0x0000030a   Section        0  libinit2.o(.ARM.Collect$$libinit$$00000021)
    .ARM.Collect$$libinit$$00000023          0x0000030a   Section        0  libinit2.o(.ARM.Collect$$libinit$$00000023)
    .ARM.Collect$$libinit$$00000025          0x0000030a   Section        0  libinit2.o(.ARM.Collect$$libinit$$00000025)
    .ARM.Collect$$libinit$$00000027          0x0000030a   Section        0  libinit2.o(.ARM.Collect$$libinit$$00000027)
    .ARM.Collect$$libinit$$0000002E          0x0000030a   Section        0  libinit2.o(.ARM.Collect$$libinit$$0000002E)
    .ARM.Collect$$libinit$$00000030          0x0000030a   Section        0  libinit2.o(.ARM.Collect$$libinit$$00000030)
    .ARM.Collect$$libinit$$00000032          0x0000030a   Section        0  libinit2.o(.ARM.Collect$$libinit$$00000032)
    .ARM.Collect$$libinit$$00000034          0x0000030a   Section        0  libinit2.o(.ARM.Collect$$libinit$$00000034)
    .ARM.Collect$$libinit$$00000035          0x0000030a   Section        2  libinit2.o(.ARM.Collect$$libinit$$00000035)
    .ARM.Collect$$libshutdown$$00000000      0x0000030c   Section        2  libshutdown.o(.ARM.Collect$$libshutdown$$00000000)
    .ARM.Collect$$libshutdown$$00000002      0x0000030e   Section        0  libshutdown2.o(.ARM.Collect$$libshutdown$$00000002)
    .ARM.Collect$$libshutdown$$00000004      0x0000030e   Section        0  libshutdown2.o(.ARM.Collect$$libshutdown$$00000004)
    .ARM.Collect$$libshutdown$$00000007      0x0000030e   Section        0  libshutdown2.o(.ARM.Collect$$libshutdown$$00000007)
    .ARM.Collect$$libshutdown$$0000000A      0x0000030e   Section        0  libshutdown2.o(.ARM.Collect$$libshutdown$$0000000A)
    .ARM.Collect$$libshutdown$$0000000C      0x0000030e   Section        0  libshutdown2.o(.ARM.Collect$$libshutdown$$0000000C)
    .ARM.Collect$$libshutdown$$0000000F      0x0000030e   Section        0  libshutdown2.o(.ARM.Collect$$libshutdown$$0000000F)
    .ARM.Collect$$libshutdown$$00000010      0x0000030e   Section        2  libshutdown2.o(.ARM.Collect$$libshutdown$$00000010)
    .ARM.Collect$$rtentry$$00000000          0x00000310   Section        0  __rtentry.o(.ARM.Collect$$rtentry$$00000000)
    .ARM.Collect$$rtentry$$00000002          0x00000310   Section        0  __rtentry2.o(.ARM.Collect$$rtentry$$00000002)
    .ARM.Collect$$rtentry$$00000004          0x00000310   Section        6  __rtentry4.o(.ARM.Collect$$rtentry$$00000004)
    .ARM.Collect$$rtentry$$00000009          0x00000316   Section        0  __rtentry2.o(.ARM.Collect$$rtentry$$00000009)
    .ARM.Collect$$rtentry$$0000000A          0x00000316   Section        4  __rtentry2.o(.ARM.Collect$$rtentry$$0000000A)
    .ARM.Collect$$rtentry$$0000000C          0x0000031a   Section        0  __rtentry2.o(.ARM.Collect$$rtentry$$0000000C)
    .ARM.Collect$$rtentry$$0000000D          0x0000031a   Section        8  __rtentry2.o(.ARM.Collect$$rtentry$$0000000D)
    .ARM.Collect$$rtexit$$00000000           0x00000322   Section        2  rtexit.o(.ARM.Collect$$rtexit$$00000000)
    .ARM.Collect$$rtexit$$00000002           0x00000324   Section        0  rtexit2.o(.ARM.Collect$$rtexit$$00000002)
    .ARM.Collect$$rtexit$$00000003           0x00000324   Section        4  rtexit2.o(.ARM.Collect$$rtexit$$00000003)
    .ARM.Collect$$rtexit$$00000004           0x00000328   Section        6  rtexit2.o(.ARM.Collect$$rtexit$$00000004)
    .text                                    0x00000330   Section       48  startup.o(.text)
    .text                                    0x00000360   Section        0  heapauxi.o(.text)
    .text                                    0x00000366   Section       74  sys_stackheap_outer.o(.text)
    .text                                    0x000003b0   Section        0  exit.o(.text)
    .text                                    0x000003c4   Section        8  libspace.o(.text)
    .text                                    0x000003cc   Section        0  sys_exit.o(.text)
    .text                                    0x000003d8   Section        2  use_no_semi.o(.text)
    .text                                    0x000003da   Section        0  indicate_semi.o(.text)
    [Anonymous Symbol]                       0x000003dc   Section        0  cecs447project2mcu1-1.o(.text.Color_to_String)
    [Anonymous Symbol]                       0x000004d4   Section        0  cecs447project2mcu1-1.o(.text.Display_Menu)
    [Anonymous Symbol]                       0x00000588   Section        0  cecs447project2mcu1-1.o(.text.GPIOPortF_Handler)
    [Anonymous Symbol]                       0x000006e0   Section        0  ledsw.o(.text.LEDSW_Init)
    [Anonymous Symbol]                       0x00000824   Section        0  cecs447project2mcu1-1.o(.text.Mode1)
    [Anonymous Symbol]                       0x000008b4   Section        0  cecs447project2mcu1-1.o(.text.Mode1Option1)
    [Anonymous Symbol]                       0x00000a08   Section        0  cecs447project2mcu1-1.o(.text.Mode1Option2)
    [Anonymous Symbol]                       0x00000b28   Section        0  cecs447project2mcu1-1.o(.text.Mode1Option3)
    [Anonymous Symbol]                       0x00000b34   Section        0  cecs447project2mcu1-1.o(.text.Mode1_Menu)
    [Anonymous Symbol]                       0x00000b88   Section        0  cecs447project2mcu1-1.o(.text.Mode2)
    [Anonymous Symbol]                       0x00000bf0   Section        0  cecs447project2mcu1-1.o(.text.Mode2_Menu)
    [Anonymous Symbol]                       0x00000c74   Section        0  cecs447project2mcu1-1.o(.text.Mode3)
    [Anonymous Symbol]                       0x00000d38   Section        0  pll.o(.text.PLL_Init)
    [Anonymous Symbol]                       0x00000dbc   Section        0  cecs447project2mcu1-1.o(.text.Str_to_UDec)
    [Anonymous Symbol]                       0x00000e30   Section        0  cecs447project2mcu1-1.o(.text.SysTick_Handler)
    [Anonymous Symbol]                       0x00000ef8   Section        0  systick.o(.text.SysTick_Init)
    [Anonymous Symbol]                       0x00000f3c   Section        0  cecs447project2mcu1-1.o(.text.UART0_Handler)
    [Anonymous Symbol]                       0x00001010   Section        0  uart0.o(.text.UART0_Init)
    [Anonymous Symbol]                       0x0000112c   Section        0  uart0.o(.text.UART0_OutCRLF)
    [Anonymous Symbol]                       0x0000113c   Section        0  uart0.o(.text.UART0_OutChar)
    [Anonymous Symbol]                       0x0000116c   Section        0  uart0.o(.text.UART0_OutString)
    [Anonymous Symbol]                       0x00001190   Section        0  cecs447project2mcu1-1.o(.text.UART2_Handler)
    [Anonymous Symbol]                       0x000011dc   Section        0  uart2.o(.text.UART2_Init)
    [Anonymous Symbol]                       0x0000130c   Section        0  uart2.o(.text.UART2_OutChar)
    [Anonymous Symbol]                       0x0000133c   Section        0  uart2.o(.text.UART2_OutString)
    [Anonymous Symbol]                       0x00001368   Section        0  cecs447project2mcu1-1.o(.text.main)
    .L.str.25                                0x000013f0   Data          24  cecs447project2mcu1-1.o(.rodata.str1.1)
    [Anonymous Symbol]                       0x000013f0   Section        0  cecs447project2mcu1-1.o(.rodata.str1.1)
    .L.str.40                                0x00001408   Data          35  cecs447project2mcu1-1.o(.rodata.str1.1)
    .L.str.31                                0x0000142b   Data          17  cecs447project2mcu1-1.o(.rodata.str1.1)
    .L.str.29                                0x0000143c   Data          46  cecs447project2mcu1-1.o(.rodata.str1.1)
    .L.str.26                                0x0000146a   Data          47  cecs447project2mcu1-1.o(.rodata.str1.1)
    .L.str.27                                0x00001499   Data          46  cecs447project2mcu1-1.o(.rodata.str1.1)
    .L.str.21                                0x000014c7   Data          45  cecs447project2mcu1-1.o(.rodata.str1.1)
    .L.str.28                                0x000014f4   Data          36  cecs447project2mcu1-1.o(.rodata.str1.1)
    .L.str.15                                0x00001518   Data          29  cecs447project2mcu1-1.o(.rodata.str1.1)
    .L.str.2                                 0x00001535   Data          46  cecs447project2mcu1-1.o(.rodata.str1.1)
    .L.str.7                                 0x00001563   Data          13  cecs447project2mcu1-1.o(.rodata.str1.1)
    .L.str.20                                0x00001570   Data          25  cecs447project2mcu1-1.o(.rodata.str1.1)
    .L.str.22                                0x00001589   Data          10  cecs447project2mcu1-1.o(.rodata.str1.1)
    .L.str.12                                0x00001593   Data           7  cecs447project2mcu1-1.o(.rodata.str1.1)
    .L.str.23                                0x0000159a   Data          69  cecs447project2mcu1-1.o(.rodata.str1.1)
    .L.str.18                                0x000015c9   Data          22  cecs447project2mcu1-1.o(.rodata.str1.1)
    .L.str.6                                 0x000015df   Data          71  cecs447project2mcu1-1.o(.rodata.str1.1)
    .L.str.4                                 0x00001626   Data          28  cecs447project2mcu1-1.o(.rodata.str1.1)
    .L.str.8                                 0x00001642   Data          67  cecs447project2mcu1-1.o(.rodata.str1.1)
    .L.str.5                                 0x00001685   Data          48  cecs447project2mcu1-1.o(.rodata.str1.1)
    .L.str.11                                0x000016b5   Data          38  cecs447project2mcu1-1.o(.rodata.str1.1)
    .L.str.17                                0x000016db   Data          36  cecs447project2mcu1-1.o(.rodata.str1.1)
    .L.str.24                                0x000016ff   Data          40  cecs447project2mcu1-1.o(.rodata.str1.1)
    .L.str.14                                0x00001727   Data          26  cecs447project2mcu1-1.o(.rodata.str1.1)
    .L.str.1                                 0x00001741   Data          24  cecs447project2mcu1-1.o(.rodata.str1.1)
    .L.str.16                                0x00001759   Data          36  cecs447project2mcu1-1.o(.rodata.str1.1)
    .L.str                                   0x0000177d   Data          33  cecs447project2mcu1-1.o(.rodata.str1.1)
    .L.str.3                                 0x0000179e   Data          41  cecs447project2mcu1-1.o(.rodata.str1.1)
    .L.str.9                                 0x000017c7   Data          22  cecs447project2mcu1-1.o(.rodata.str1.1)
    .L.str.19                                0x000017dd   Data          13  cecs447project2mcu1-1.o(.rodata.str1.1)
    .L.str.13                                0x000017ea   Data          11  cecs447project2mcu1-1.o(.rodata.str1.1)
    .L.str.30                                0x000017f5   Data          19  cecs447project2mcu1-1.o(.rodata.str1.1)
    .L.str.32                                0x00001808   Data           4  cecs447project2mcu1-1.o(.rodata.str1.1)
    .L.str.37                                0x0000180c   Data           7  cecs447project2mcu1-1.o(.rodata.str1.1)
    .L.str.38                                0x00001813   Data           6  cecs447project2mcu1-1.o(.rodata.str1.1)
    .L.str.34                                0x00001819   Data           5  cecs447project2mcu1-1.o(.rodata.str1.1)
    .L.str.39                                0x0000181e   Data           5  cecs447project2mcu1-1.o(.rodata.str1.1)
    .L.str.36                                0x00001823   Data           5  cecs447project2mcu1-1.o(.rodata.str1.1)
    .L.str.33                                0x00001828   Data           6  cecs447project2mcu1-1.o(.rodata.str1.1)
    .L.str.10                                0x0000182e   Data          13  cecs447project2mcu1-1.o(.rodata.str1.1)
    .L.str.35                                0x0000183b   Data           7  cecs447project2mcu1-1.o(.rodata.str1.1)
    .bss                                     0x20000000   Section       96  libspace.o(.bss)
    HeapMem                                  0x20000090   Data           0  startup.o(HEAP)
    StackMem                                 0x20000090   Data           0  startup.o(STACK)
    HEAP                                     0x20000090   Section        0  startup.o(HEAP)
    STACK                                    0x20000090   Section     1024  startup.o(STACK)

    Global Symbols

    Symbol Name                              Value     Ov Type        Size  Object(Section)

    BuildAttributes$$THM_ISAv4$E$P$D$K$B$S$7EM$PE$A:L22UL41UL21$X:L11$S22US41US21$IEEE1$IW$~IW$USESV6$~STKCKD$USESV7$~SHL$OSPACE$ROPI$EBA8$UX$STANDARDLIB$REQ8$PRES8$EABIv2 0x00000000   Number         0  anon$$obj.o ABSOLUTE
    __Vectors                                0x00000000   Data           0  startup.o(RESET)
    __fp_init_empty                          0x00000000   Number         0  fpinit_empty.o ABSOLUTE
    __ARM_exceptions_init                     - Undefined Weak Reference
    __alloca_initialize                       - Undefined Weak Reference
    __arm_preinit_                            - Undefined Weak Reference
    __arm_relocate_pie_                       - Undefined Weak Reference
    __cpp_initialize__aeabi_                  - Undefined Weak Reference
    __cxa_finalize                            - Undefined Weak Reference
    __rt_locale                               - Undefined Weak Reference
    __sigvec_lookup                           - Undefined Weak Reference
    _atexit_init                              - Undefined Weak Reference
    _call_atexit_fns                          - Undefined Weak Reference
    _clock_init                               - Undefined Weak Reference
    _fp_trap_init                             - Undefined Weak Reference
    _fp_trap_shutdown                         - Undefined Weak Reference
    _get_lc_collate                           - Undefined Weak Reference
    _get_lc_ctype                             - Undefined Weak Reference
    _get_lc_monetary                          - Undefined Weak Reference
    _get_lc_numeric                           - Undefined Weak Reference
    _get_lc_time                              - Undefined Weak Reference
    _getenv_init                              - Undefined Weak Reference
    _handle_redirection                       - Undefined Weak Reference
    _init_alloc                               - Undefined Weak Reference
    _init_user_alloc                          - Undefined Weak Reference
    _initio                                   - Undefined Weak Reference
    _rand_init                                - Undefined Weak Reference
    _signal_finish                            - Undefined Weak Reference
    _signal_init                              - Undefined Weak Reference
    _terminate_alloc                          - Undefined Weak Reference
    _terminate_user_alloc                     - Undefined Weak Reference
    _terminateio                              - Undefined Weak Reference
    Reset_Handler                            0x0000026d   Thumb Code     0  startup.o(RESET)
    NMI_Handler                              0x00000271   Thumb Code     2  startup.o(RESET)
    HardFault_Handler                        0x00000273   Thumb Code     2  startup.o(RESET)
    MemManage_Handler                        0x00000275   Thumb Code     2  startup.o(RESET)
    BusFault_Handler                         0x00000277   Thumb Code     2  startup.o(RESET)
    UsageFault_Handler                       0x00000279   Thumb Code     2  startup.o(RESET)
    SVC_Handler                              0x0000027b   Thumb Code     2  startup.o(RESET)
    DebugMon_Handler                         0x0000027d   Thumb Code     2  startup.o(RESET)
    PendSV_Handler                           0x0000027f   Thumb Code     2  startup.o(RESET)
    ADC0Seq0_Handler                         0x00000283   Thumb Code     0  startup.o(RESET)
    ADC0Seq1_Handler                         0x00000283   Thumb Code     0  startup.o(RESET)
    ADC0Seq2_Handler                         0x00000283   Thumb Code     0  startup.o(RESET)
    ADC0Seq3_Handler                         0x00000283   Thumb Code     0  startup.o(RESET)
    ADC1Seq0_Handler                         0x00000283   Thumb Code     0  startup.o(RESET)
    ADC1Seq1_Handler                         0x00000283   Thumb Code     0  startup.o(RESET)
    ADC1Seq2_Handler                         0x00000283   Thumb Code     0  startup.o(RESET)
    ADC1Seq3_Handler                         0x00000283   Thumb Code     0  startup.o(RESET)
    CAN0_Handler                             0x00000283   Thumb Code     0  startup.o(RESET)
    CAN1_Handler                             0x00000283   Thumb Code     0  startup.o(RESET)
    CAN2_Handler                             0x00000283   Thumb Code     0  startup.o(RESET)
    Comp0_Handler                            0x00000283   Thumb Code     0  startup.o(RESET)
    Comp1_Handler                            0x00000283   Thumb Code     0  startup.o(RESET)
    Comp2_Handler                            0x00000283   Thumb Code     0  startup.o(RESET)
    Ethernet_Handler                         0x00000283   Thumb Code     0  startup.o(RESET)
    ExtBus_Handler                           0x00000283   Thumb Code     0  startup.o(RESET)
    FPU_Handler                              0x00000283   Thumb Code     0  startup.o(RESET)
    Fan0_Handler                             0x00000283   Thumb Code     0  startup.o(RESET)
    FlashCtl_Handler                         0x00000283   Thumb Code     0  startup.o(RESET)
    GPIOPortA_Handler                        0x00000283   Thumb Code     0  startup.o(RESET)
    GPIOPortB_Handler                        0x00000283   Thumb Code     0  startup.o(RESET)
    GPIOPortC_Handler                        0x00000283   Thumb Code     0  startup.o(RESET)
    GPIOPortD_Handler                        0x00000283   Thumb Code     0  startup.o(RESET)
    GPIOPortE_Handler                        0x00000283   Thumb Code     0  startup.o(RESET)
    GPIOPortG_Handler                        0x00000283   Thumb Code     0  startup.o(RESET)
    GPIOPortH_Handler                        0x00000283   Thumb Code     0  startup.o(RESET)
    GPIOPortJ_Handler                        0x00000283   Thumb Code     0  startup.o(RESET)
    GPIOPortK_Handler                        0x00000283   Thumb Code     0  startup.o(RESET)
    GPIOPortL_Handler                        0x00000283   Thumb Code     0  startup.o(RESET)
    GPIOPortM_Handler                        0x00000283   Thumb Code     0  startup.o(RESET)
    GPIOPortN_Handler                        0x00000283   Thumb Code     0  startup.o(RESET)
    GPIOPortP1_Handler                       0x00000283   Thumb Code     0  startup.o(RESET)
    GPIOPortP2_Handler                       0x00000283   Thumb Code     0  startup.o(RESET)
    GPIOPortP3_Handler                       0x00000283   Thumb Code     0  startup.o(RESET)
    GPIOPortP4_Handler                       0x00000283   Thumb Code     0  startup.o(RESET)
    GPIOPortP5_Handler                       0x00000283   Thumb Code     0  startup.o(RESET)
    GPIOPortP6_Handler                       0x00000283   Thumb Code     0  startup.o(RESET)
    GPIOPortP7_Handler                       0x00000283   Thumb Code     0  startup.o(RESET)
    GPIOPortP_Handler                        0x00000283   Thumb Code     0  startup.o(RESET)
    GPIOPortQ1_Handler                       0x00000283   Thumb Code     0  startup.o(RESET)
    GPIOPortQ2_Handler                       0x00000283   Thumb Code     0  startup.o(RESET)
    GPIOPortQ3_Handler                       0x00000283   Thumb Code     0  startup.o(RESET)
    GPIOPortQ4_Handler                       0x00000283   Thumb Code     0  startup.o(RESET)
    GPIOPortQ5_Handler                       0x00000283   Thumb Code     0  startup.o(RESET)
    GPIOPortQ6_Handler                       0x00000283   Thumb Code     0  startup.o(RESET)
    GPIOPortQ7_Handler                       0x00000283   Thumb Code     0  startup.o(RESET)
    GPIOPortQ_Handler                        0x00000283   Thumb Code     0  startup.o(RESET)
    GPIOPortR_Handler                        0x00000283   Thumb Code     0  startup.o(RESET)
    GPIOPortS_Handler                        0x00000283   Thumb Code     0  startup.o(RESET)
    Hibernate_Handler                        0x00000283   Thumb Code     0  startup.o(RESET)
    I2C0_Handler                             0x00000283   Thumb Code     0  startup.o(RESET)
    I2C1_Handler                             0x00000283   Thumb Code     0  startup.o(RESET)
    I2C2_Handler                             0x00000283   Thumb Code     0  startup.o(RESET)
    I2C3_Handler                             0x00000283   Thumb Code     0  startup.o(RESET)
    I2C4_Handler                             0x00000283   Thumb Code     0  startup.o(RESET)
    I2C5_Handler                             0x00000283   Thumb Code     0  startup.o(RESET)
    I2S0_Handler                             0x00000283   Thumb Code     0  startup.o(RESET)
    LPC0_Handler                             0x00000283   Thumb Code     0  startup.o(RESET)
    PECI0_Handler                            0x00000283   Thumb Code     0  startup.o(RESET)
    PWM0Fault_Handler                        0x00000283   Thumb Code     0  startup.o(RESET)
    PWM0Generator0_Handler                   0x00000283   Thumb Code     0  startup.o(RESET)
    PWM0Generator1_Handler                   0x00000283   Thumb Code     0  startup.o(RESET)
    PWM0Generator2_Handler                   0x00000283   Thumb Code     0  startup.o(RESET)
    PWM0Generator3_Handler                   0x00000283   Thumb Code     0  startup.o(RESET)
    PWM1Fault_Handler                        0x00000283   Thumb Code     0  startup.o(RESET)
    PWM1Generator0_Handler                   0x00000283   Thumb Code     0  startup.o(RESET)
    PWM1Generator1_Handler                   0x00000283   Thumb Code     0  startup.o(RESET)
    PWM1Generator2_Handler                   0x00000283   Thumb Code     0  startup.o(RESET)
    PWM1Generator3_Handler                   0x00000283   Thumb Code     0  startup.o(RESET)
    Quadrature0_Handler                      0x00000283   Thumb Code     0  startup.o(RESET)
    Quadrature1_Handler                      0x00000283   Thumb Code     0  startup.o(RESET)
    Quadrature2_Handler                      0x00000283   Thumb Code     0  startup.o(RESET)
    SSI0_Handler                             0x00000283   Thumb Code     0  startup.o(RESET)
    SSI1_Handler                             0x00000283   Thumb Code     0  startup.o(RESET)
    SSI2_Handler                             0x00000283   Thumb Code     0  startup.o(RESET)
    SSI3_Handler                             0x00000283   Thumb Code     0  startup.o(RESET)
    SysCtl_Handler                           0x00000283   Thumb Code     0  startup.o(RESET)
    Timer0A_Handler                          0x00000283   Thumb Code     0  startup.o(RESET)
    Timer0B_Handler                          0x00000283   Thumb Code     0  startup.o(RESET)
    Timer1A_Handler                          0x00000283   Thumb Code     0  startup.o(RESET)
    Timer1B_Handler                          0x00000283   Thumb Code     0  startup.o(RESET)
    Timer2A_Handler                          0x00000283   Thumb Code     0  startup.o(RESET)
    Timer2B_Handler                          0x00000283   Thumb Code     0  startup.o(RESET)
    Timer3A_Handler                          0x00000283   Thumb Code     0  startup.o(RESET)
    Timer3B_Handler                          0x00000283   Thumb Code     0  startup.o(RESET)
    Timer4A_Handler                          0x00000283   Thumb Code     0  startup.o(RESET)
    Timer4B_Handler                          0x00000283   Thumb Code     0  startup.o(RESET)
    Timer5A_Handler                          0x00000283   Thumb Code     0  startup.o(RESET)
    Timer5B_Handler                          0x00000283   Thumb Code     0  startup.o(RESET)
    UART1_Handler                            0x00000283   Thumb Code     0  startup.o(RESET)
    UART3_Handler                            0x00000283   Thumb Code     0  startup.o(RESET)
    UART4_Handler                            0x00000283   Thumb Code     0  startup.o(RESET)
    UART5_Handler                            0x00000283   Thumb Code     0  startup.o(RESET)
    UART6_Handler                            0x00000283   Thumb Code     0  startup.o(RESET)
    UART7_Handler                            0x00000283   Thumb Code     0  startup.o(RESET)
    USB0_Handler                             0x00000283   Thumb Code     0  startup.o(RESET)
    WDT_Handler                              0x00000283   Thumb Code     0  startup.o(RESET)
    WideTimer0A_Handler                      0x00000283   Thumb Code     0  startup.o(RESET)
    WideTimer0B_Handler                      0x00000283   Thumb Code     0  startup.o(RESET)
    WideTimer1A_Handler                      0x00000283   Thumb Code     0  startup.o(RESET)
    WideTimer1B_Handler                      0x00000283   Thumb Code     0  startup.o(RESET)
    WideTimer2A_Handler                      0x00000283   Thumb Code     0  startup.o(RESET)
    WideTimer2B_Handler                      0x00000283   Thumb Code     0  startup.o(RESET)
    WideTimer3A_Handler                      0x00000283   Thumb Code     0  startup.o(RESET)
    WideTimer3B_Handler                      0x00000283   Thumb Code     0  startup.o(RESET)
    WideTimer4A_Handler                      0x00000283   Thumb Code     0  startup.o(RESET)
    WideTimer4B_Handler                      0x00000283   Thumb Code     0  startup.o(RESET)
    WideTimer5A_Handler                      0x00000283   Thumb Code     0  startup.o(RESET)
    WideTimer5B_Handler                      0x00000283   Thumb Code     0  startup.o(RESET)
    uDMA_Error                               0x00000283   Thumb Code     0  startup.o(RESET)
    uDMA_Handler                             0x00000283   Thumb Code     0  startup.o(RESET)
    __main                                   0x00000285   Thumb Code     8  __main.o(!!!main)
    __scatterload                            0x0000028d   Thumb Code     0  __scatter.o(!!!scatter)
    __scatterload_rt2                        0x0000028d   Thumb Code    84  __scatter.o(!!!scatter)
    __scatterload_rt2_thumb_only             0x0000028d   Thumb Code     0  __scatter.o(!!!scatter)
    __scatterload_loop                       0x00000297   Thumb Code     0  __scatter.o(!!!scatter)
    __scatterload_null                       0x000002e9   Thumb Code     2  __scatter.o(!!handler_null)
    __scatterload_zeroinit                   0x000002ed   Thumb Code    28  __scatter_zi.o(!!handler_zi)
    __rt_lib_init                            0x00000309   Thumb Code     0  libinit.o(.ARM.Collect$$libinit$$00000000)
    __rt_lib_init_alloca_1                   0x0000030b   Thumb Code     0  libinit2.o(.ARM.Collect$$libinit$$00000030)
    __rt_lib_init_argv_1                     0x0000030b   Thumb Code     0  libinit2.o(.ARM.Collect$$libinit$$0000002E)
    __rt_lib_init_atexit_1                   0x0000030b   Thumb Code     0  libinit2.o(.ARM.Collect$$libinit$$0000001D)
    __rt_lib_init_clock_1                    0x0000030b   Thumb Code     0  libinit2.o(.ARM.Collect$$libinit$$00000023)
    __rt_lib_init_cpp_1                      0x0000030b   Thumb Code     0  libinit2.o(.ARM.Collect$$libinit$$00000034)
    __rt_lib_init_exceptions_1               0x0000030b   Thumb Code     0  libinit2.o(.ARM.Collect$$libinit$$00000032)
    __rt_lib_init_fp_1                       0x0000030b   Thumb Code     0  libinit2.o(.ARM.Collect$$libinit$$00000002)
    __rt_lib_init_fp_trap_1                  0x0000030b   Thumb Code     0  libinit2.o(.ARM.Collect$$libinit$$00000021)
    __rt_lib_init_getenv_1                   0x0000030b   Thumb Code     0  libinit2.o(.ARM.Collect$$libinit$$00000025)
    __rt_lib_init_heap_1                     0x0000030b   Thumb Code     0  libinit2.o(.ARM.Collect$$libinit$$0000000C)
    __rt_lib_init_lc_collate_1               0x0000030b   Thumb Code     0  libinit2.o(.ARM.Collect$$libinit$$00000013)
    __rt_lib_init_lc_ctype_1                 0x0000030b   Thumb Code     0  libinit2.o(.ARM.Collect$$libinit$$00000015)
    __rt_lib_init_lc_monetary_1              0x0000030b   Thumb Code     0  libinit2.o(.ARM.Collect$$libinit$$00000017)
    __rt_lib_init_lc_numeric_1               0x0000030b   Thumb Code     0  libinit2.o(.ARM.Collect$$libinit$$00000019)
    __rt_lib_init_lc_time_1                  0x0000030b   Thumb Code     0  libinit2.o(.ARM.Collect$$libinit$$0000001B)
    __rt_lib_init_preinit_1                  0x0000030b   Thumb Code     0  libinit2.o(.ARM.Collect$$libinit$$00000006)
    __rt_lib_init_rand_1                     0x0000030b   Thumb Code     0  libinit2.o(.ARM.Collect$$libinit$$00000010)
    __rt_lib_init_relocate_pie_1             0x0000030b   Thumb Code     0  libinit2.o(.ARM.Collect$$libinit$$00000004)
    __rt_lib_init_return                     0x0000030b   Thumb Code     0  libinit2.o(.ARM.Collect$$libinit$$00000035)
    __rt_lib_init_signal_1                   0x0000030b   Thumb Code     0  libinit2.o(.ARM.Collect$$libinit$$0000001F)
    __rt_lib_init_stdio_1                    0x0000030b   Thumb Code     0  libinit2.o(.ARM.Collect$$libinit$$00000027)
    __rt_lib_init_user_alloc_1               0x0000030b   Thumb Code     0  libinit2.o(.ARM.Collect$$libinit$$0000000E)
    __rt_lib_shutdown                        0x0000030d   Thumb Code     0  libshutdown.o(.ARM.Collect$$libshutdown$$00000000)
    __rt_lib_shutdown_cpp_1                  0x0000030f   Thumb Code     0  libshutdown2.o(.ARM.Collect$$libshutdown$$00000002)
    __rt_lib_shutdown_fp_trap_1              0x0000030f   Thumb Code     0  libshutdown2.o(.ARM.Collect$$libshutdown$$00000007)
    __rt_lib_shutdown_heap_1                 0x0000030f   Thumb Code     0  libshutdown2.o(.ARM.Collect$$libshutdown$$0000000F)
    __rt_lib_shutdown_return                 0x0000030f   Thumb Code     0  libshutdown2.o(.ARM.Collect$$libshutdown$$00000010)
    __rt_lib_shutdown_signal_1               0x0000030f   Thumb Code     0  libshutdown2.o(.ARM.Collect$$libshutdown$$0000000A)
    __rt_lib_shutdown_stdio_1                0x0000030f   Thumb Code     0  libshutdown2.o(.ARM.Collect$$libshutdown$$00000004)
    __rt_lib_shutdown_user_alloc_1           0x0000030f   Thumb Code     0  libshutdown2.o(.ARM.Collect$$libshutdown$$0000000C)
    __rt_entry                               0x00000311   Thumb Code     0  __rtentry.o(.ARM.Collect$$rtentry$$00000000)
    __rt_entry_presh_1                       0x00000311   Thumb Code     0  __rtentry2.o(.ARM.Collect$$rtentry$$00000002)
    __rt_entry_sh                            0x00000311   Thumb Code     0  __rtentry4.o(.ARM.Collect$$rtentry$$00000004)
    __rt_entry_li                            0x00000317   Thumb Code     0  __rtentry2.o(.ARM.Collect$$rtentry$$0000000A)
    __rt_entry_postsh_1                      0x00000317   Thumb Code     0  __rtentry2.o(.ARM.Collect$$rtentry$$00000009)
    __rt_entry_main                          0x0000031b   Thumb Code     0  __rtentry2.o(.ARM.Collect$$rtentry$$0000000D)
    __rt_entry_postli_1                      0x0000031b   Thumb Code     0  __rtentry2.o(.ARM.Collect$$rtentry$$0000000C)
    __rt_exit                                0x00000323   Thumb Code     0  rtexit.o(.ARM.Collect$$rtexit$$00000000)
    __rt_exit_ls                             0x00000325   Thumb Code     0  rtexit2.o(.ARM.Collect$$rtexit$$00000003)
    __rt_exit_prels_1                        0x00000325   Thumb Code     0  rtexit2.o(.ARM.Collect$$rtexit$$00000002)
    __rt_exit_exit                           0x00000329   Thumb Code     0  rtexit2.o(.ARM.Collect$$rtexit$$00000004)
    DisableInterrupts                        0x00000331   Thumb Code     0  startup.o(.text)
    EnableInterrupts                         0x00000335   Thumb Code     0  startup.o(.text)
    StartCritical                            0x00000339   Thumb Code     0  startup.o(.text)
    EndCritical                              0x00000341   Thumb Code     0  startup.o(.text)
    WaitForInterrupt                         0x00000347   Thumb Code     0  startup.o(.text)
    __user_initial_stackheap                 0x0000034b   Thumb Code     0  startup.o(.text)
    __use_two_region_memory                  0x00000361   Thumb Code     2  heapauxi.o(.text)
    __rt_heap_escrow$2region                 0x00000363   Thumb Code     2  heapauxi.o(.text)
    __rt_heap_expand$2region                 0x00000365   Thumb Code     2  heapauxi.o(.text)
    __user_setup_stackheap                   0x00000367   Thumb Code    74  sys_stackheap_outer.o(.text)
    exit                                     0x000003b1   Thumb Code    18  exit.o(.text)
    __user_libspace                          0x000003c5   Thumb Code     8  libspace.o(.text)
    __user_perproc_libspace                  0x000003c5   Thumb Code     0  libspace.o(.text)
    __user_perthread_libspace                0x000003c5   Thumb Code     0  libspace.o(.text)
    _sys_exit                                0x000003cd   Thumb Code     8  sys_exit.o(.text)
    __I$use$semihosting                      0x000003d9   Thumb Code     0  use_no_semi.o(.text)
    __use_no_semihosting_swi                 0x000003d9   Thumb Code     2  use_no_semi.o(.text)
    __semihosting_library_function           0x000003db   Thumb Code     0  indicate_semi.o(.text)
    Color_to_String                          0x000003dd   Thumb Code   246  cecs447project2mcu1-1.o(.text.Color_to_String)
    Display_Menu                             0x000004d5   Thumb Code   178  cecs447project2mcu1-1.o(.text.Display_Menu)
    GPIOPortF_Handler                        0x00000589   Thumb Code   344  cecs447project2mcu1-1.o(.text.GPIOPortF_Handler)
    LEDSW_Init                               0x000006e1   Thumb Code   322  ledsw.o(.text.LEDSW_Init)
    Mode1                                    0x00000825   Thumb Code   142  cecs447project2mcu1-1.o(.text.Mode1)
    Mode1Option1                             0x000008b5   Thumb Code   340  cecs447project2mcu1-1.o(.text.Mode1Option1)
    Mode1Option2                             0x00000a09   Thumb Code   288  cecs447project2mcu1-1.o(.text.Mode1Option2)
    Mode1Option3                             0x00000b29   Thumb Code    12  cecs447project2mcu1-1.o(.text.Mode1Option3)
    Mode1_Menu                               0x00000b35   Thumb Code    84  cecs447project2mcu1-1.o(.text.Mode1_Menu)
    Mode2                                    0x00000b89   Thumb Code   102  cecs447project2mcu1-1.o(.text.Mode2)
    Mode2_Menu                               0x00000bf1   Thumb Code   132  cecs447project2mcu1-1.o(.text.Mode2_Menu)
    Mode3                                    0x00000c75   Thumb Code   196  cecs447project2mcu1-1.o(.text.Mode3)
    PLL_Init                                 0x00000d39   Thumb Code   132  pll.o(.text.PLL_Init)
    Str_to_UDec                              0x00000dbd   Thumb Code   114  cecs447project2mcu1-1.o(.text.Str_to_UDec)
    SysTick_Handler                          0x00000e31   Thumb Code   198  cecs447project2mcu1-1.o(.text.SysTick_Handler)
    SysTick_Init                             0x00000ef9   Thumb Code    68  systick.o(.text.SysTick_Init)
    UART0_Handler                            0x00000f3d   Thumb Code   210  cecs447project2mcu1-1.o(.text.UART0_Handler)
    UART0_Init                               0x00001011   Thumb Code   282  uart0.o(.text.UART0_Init)
    UART0_OutCRLF                            0x0000112d   Thumb Code    16  uart0.o(.text.UART0_OutCRLF)
    UART0_OutChar                            0x0000113d   Thumb Code    46  uart0.o(.text.UART0_OutChar)
    UART0_OutString                          0x0000116d   Thumb Code    36  uart0.o(.text.UART0_OutString)
    UART2_Handler                            0x00001191   Thumb Code    74  cecs447project2mcu1-1.o(.text.UART2_Handler)
    UART2_Init                               0x000011dd   Thumb Code   304  uart2.o(.text.UART2_Init)
    UART2_OutChar                            0x0000130d   Thumb Code    46  uart2.o(.text.UART2_OutChar)
    UART2_OutString                          0x0000133d   Thumb Code    42  uart2.o(.text.UART2_OutString)
    main                                     0x00001369   Thumb Code   128  cecs447project2mcu1-1.o(.text.main)
    color_wheel                              0x000013e8   Data           8  cecs447project2mcu1-1.o(.rodata.color_wheel)
    Region$$Table$$Base                      0x00001844   Number         0  anon$$obj.o(Region$$Table)
    Region$$Table$$Limit                     0x00001854   Number         0  anon$$obj.o(Region$$Table)
    __libspace_start                         0x20000000   Data          96  libspace.o(.bss)
    Exit                                     0x20000060   Data           1  cecs447project2mcu1-1.o(.bss.Exit)
    __temporary_stack_top$libspace           0x20000060   Data           0  libspace.o(.bss)
    High_Trigger                             0x20000064   Data           4  ledsw.o(.bss.High_Trigger)
    Low_Trigger                              0x20000068   Data           4  ledsw.o(.bss.Low_Trigger)
    brightness                               0x2000006c   Data           4  cecs447project2mcu1-1.o(.bss.brightness)
    color                                    0x20000070   Data           4  cecs447project2mcu1-1.o(.bss.color)
    current_mode                             0x20000074   Data           1  cecs447project2mcu1-1.o(.bss.current_mode)
    end_of_str                               0x20000075   Data           1  cecs447project2mcu1-1.o(.bss.end_of_str)
    i                                        0x20000076   Data           1  cecs447project2mcu1-1.o(.bss.i)
    str_idx                                  0x20000077   Data           1  cecs447project2mcu1-1.o(.bss.str_idx)
    string                                   0x20000078   Data          20  cecs447project2mcu1-1.o(.bss.string)



==============================================================================

Memory Map of the image

  Image Entry point : 0x0000026d

  Load Region LR_1 (Base: 0x00000000, Size: 0x00001854, Max: 0xffffffff, ABSOLUTE)

    Execution Region ER_RO (Exec base: 0x00000000, Load base: 0x00000000, Size: 0x00001854, Max: 0xffffffff, ABSOLUTE)

    Exec Addr    Load Addr    Size         Type   Attr      Idx    E Section Name        Object

    0x00000000   0x00000000   0x00000284   Code   RO            3  * RESET               startup.o
    0x00000284   0x00000284   0x00000008   Code   RO          143  * !!!main             c_w.l(__main.o)
    0x0000028c   0x0000028c   0x0000005c   Code   RO          308    !!!scatter          c_w.l(__scatter.o)
    0x000002e8   0x000002e8   0x00000002   Code   RO          309    !!handler_null      c_w.l(__scatter.o)
    0x000002ea   0x000002ea   0x00000002   PAD
    0x000002ec   0x000002ec   0x0000001c   Code   RO          312    !!handler_zi        c_w.l(__scatter_zi.o)
    0x00000308   0x00000308   0x00000002   Code   RO          170    .ARM.Collect$$libinit$$00000000  c_w.l(libinit.o)
    0x0000030a   0x0000030a   0x00000000   Code   RO          177    .ARM.Collect$$libinit$$00000002  c_w.l(libinit2.o)
    0x0000030a   0x0000030a   0x00000000   Code   RO          179    .ARM.Collect$$libinit$$00000004  c_w.l(libinit2.o)
    0x0000030a   0x0000030a   0x00000000   Code   RO          181    .ARM.Collect$$libinit$$00000006  c_w.l(libinit2.o)
    0x0000030a   0x0000030a   0x00000000   Code   RO          184    .ARM.Collect$$libinit$$0000000C  c_w.l(libinit2.o)
    0x0000030a   0x0000030a   0x00000000   Code   RO          186    .ARM.Collect$$libinit$$0000000E  c_w.l(libinit2.o)
    0x0000030a   0x0000030a   0x00000000   Code   RO          188    .ARM.Collect$$libinit$$00000010  c_w.l(libinit2.o)
    0x0000030a   0x0000030a   0x00000000   Code   RO          191    .ARM.Collect$$libinit$$00000013  c_w.l(libinit2.o)
    0x0000030a   0x0000030a   0x00000000   Code   RO          193    .ARM.Collect$$libinit$$00000015  c_w.l(libinit2.o)
    0x0000030a   0x0000030a   0x00000000   Code   RO          195    .ARM.Collect$$libinit$$00000017  c_w.l(libinit2.o)
    0x0000030a   0x0000030a   0x00000000   Code   RO          197    .ARM.Collect$$libinit$$00000019  c_w.l(libinit2.o)
    0x0000030a   0x0000030a   0x00000000   Code   RO          199    .ARM.Collect$$libinit$$0000001B  c_w.l(libinit2.o)
    0x0000030a   0x0000030a   0x00000000   Code   RO          201    .ARM.Collect$$libinit$$0000001D  c_w.l(libinit2.o)
    0x0000030a   0x0000030a   0x00000000   Code   RO          203    .ARM.Collect$$libinit$$0000001F  c_w.l(libinit2.o)
    0x0000030a   0x0000030a   0x00000000   Code   RO          205    .ARM.Collect$$libinit$$00000021  c_w.l(libinit2.o)
    0x0000030a   0x0000030a   0x00000000   Code   RO          207    .ARM.Collect$$libinit$$00000023  c_w.l(libinit2.o)
    0x0000030a   0x0000030a   0x00000000   Code   RO          209    .ARM.Collect$$libinit$$00000025  c_w.l(libinit2.o)
    0x0000030a   0x0000030a   0x00000000   Code   RO          211    .ARM.Collect$$libinit$$00000027  c_w.l(libinit2.o)
    0x0000030a   0x0000030a   0x00000000   Code   RO          215    .ARM.Collect$$libinit$$0000002E  c_w.l(libinit2.o)
    0x0000030a   0x0000030a   0x00000000   Code   RO          217    .ARM.Collect$$libinit$$00000030  c_w.l(libinit2.o)
    0x0000030a   0x0000030a   0x00000000   Code   RO          219    .ARM.Collect$$libinit$$00000032  c_w.l(libinit2.o)
    0x0000030a   0x0000030a   0x00000000   Code   RO          221    .ARM.Collect$$libinit$$00000034  c_w.l(libinit2.o)
    0x0000030a   0x0000030a   0x00000002   Code   RO          222    .ARM.Collect$$libinit$$00000035  c_w.l(libinit2.o)
    0x0000030c   0x0000030c   0x00000002   Code   RO          244    .ARM.Collect$$libshutdown$$00000000  c_w.l(libshutdown.o)
    0x0000030e   0x0000030e   0x00000000   Code   RO          259    .ARM.Collect$$libshutdown$$00000002  c_w.l(libshutdown2.o)
    0x0000030e   0x0000030e   0x00000000   Code   RO          261    .ARM.Collect$$libshutdown$$00000004  c_w.l(libshutdown2.o)
    0x0000030e   0x0000030e   0x00000000   Code   RO          264    .ARM.Collect$$libshutdown$$00000007  c_w.l(libshutdown2.o)
    0x0000030e   0x0000030e   0x00000000   Code   RO          267    .ARM.Collect$$libshutdown$$0000000A  c_w.l(libshutdown2.o)
    0x0000030e   0x0000030e   0x00000000   Code   RO          269    .ARM.Collect$$libshutdown$$0000000C  c_w.l(libshutdown2.o)
    0x0000030e   0x0000030e   0x00000000   Code   RO          272    .ARM.Collect$$libshutdown$$0000000F  c_w.l(libshutdown2.o)
    0x0000030e   0x0000030e   0x00000002   Code   RO          273    .ARM.Collect$$libshutdown$$00000010  c_w.l(libshutdown2.o)
    0x00000310   0x00000310   0x00000000   Code   RO          145    .ARM.Collect$$rtentry$$00000000  c_w.l(__rtentry.o)
    0x00000310   0x00000310   0x00000000   Code   RO          147    .ARM.Collect$$rtentry$$00000002  c_w.l(__rtentry2.o)
    0x00000310   0x00000310   0x00000006   Code   RO          159    .ARM.Collect$$rtentry$$00000004  c_w.l(__rtentry4.o)
    0x00000316   0x00000316   0x00000000   Code   RO          149    .ARM.Collect$$rtentry$$00000009  c_w.l(__rtentry2.o)
    0x00000316   0x00000316   0x00000004   Code   RO          150    .ARM.Collect$$rtentry$$0000000A  c_w.l(__rtentry2.o)
    0x0000031a   0x0000031a   0x00000000   Code   RO          152    .ARM.Collect$$rtentry$$0000000C  c_w.l(__rtentry2.o)
    0x0000031a   0x0000031a   0x00000008   Code   RO          153    .ARM.Collect$$rtentry$$0000000D  c_w.l(__rtentry2.o)
    0x00000322   0x00000322   0x00000002   Code   RO          174    .ARM.Collect$$rtexit$$00000000  c_w.l(rtexit.o)
    0x00000324   0x00000324   0x00000000   Code   RO          224    .ARM.Collect$$rtexit$$00000002  c_w.l(rtexit2.o)
    0x00000324   0x00000324   0x00000004   Code   RO          225    .ARM.Collect$$rtexit$$00000003  c_w.l(rtexit2.o)
    0x00000328   0x00000328   0x00000006   Code   RO          226    .ARM.Collect$$rtexit$$00000004  c_w.l(rtexit2.o)
    0x0000032e   0x0000032e   0x00000002   PAD
    0x00000330   0x00000330   0x00000030   Code   RO            4    .text               startup.o
    0x00000360   0x00000360   0x00000006   Code   RO          141    .text               c_w.l(heapauxi.o)
    0x00000366   0x00000366   0x0000004a   Code   RO          161    .text               c_w.l(sys_stackheap_outer.o)
    0x000003b0   0x000003b0   0x00000012   Code   RO          163    .text               c_w.l(exit.o)
    0x000003c2   0x000003c2   0x00000002   PAD
    0x000003c4   0x000003c4   0x00000008   Code   RO          171    .text               c_w.l(libspace.o)
    0x000003cc   0x000003cc   0x0000000c   Code   RO          234    .text               c_w.l(sys_exit.o)
    0x000003d8   0x000003d8   0x00000002   Code   RO          249    .text               c_w.l(use_no_semi.o)
    0x000003da   0x000003da   0x00000000   Code   RO          251    .text               c_w.l(indicate_semi.o)
    0x000003da   0x000003da   0x00000002   PAD
    0x000003dc   0x000003dc   0x000000f6   Code   RO           43    .text.Color_to_String  cecs447project2mcu1-1.o
    0x000004d2   0x000004d2   0x00000002   PAD
    0x000004d4   0x000004d4   0x000000b2   Code   RO           23    .text.Display_Menu  cecs447project2mcu1-1.o
    0x00000586   0x00000586   0x00000002   PAD
    0x00000588   0x00000588   0x00000158   Code   RO           45    .text.GPIOPortF_Handler  cecs447project2mcu1-1.o
    0x000006e0   0x000006e0   0x00000142   Code   RO           94    .text.LEDSW_Init    ledsw.o
    0x00000822   0x00000822   0x00000002   PAD
    0x00000824   0x00000824   0x0000008e   Code   RO           25    .text.Mode1         cecs447project2mcu1-1.o
    0x000008b2   0x000008b2   0x00000002   PAD
    0x000008b4   0x000008b4   0x00000154   Code   RO           33    .text.Mode1Option1  cecs447project2mcu1-1.o
    0x00000a08   0x00000a08   0x00000120   Code   RO           35    .text.Mode1Option2  cecs447project2mcu1-1.o
    0x00000b28   0x00000b28   0x0000000c   Code   RO           37    .text.Mode1Option3  cecs447project2mcu1-1.o
    0x00000b34   0x00000b34   0x00000054   Code   RO           31    .text.Mode1_Menu    cecs447project2mcu1-1.o
    0x00000b88   0x00000b88   0x00000066   Code   RO           27    .text.Mode2         cecs447project2mcu1-1.o
    0x00000bee   0x00000bee   0x00000002   PAD
    0x00000bf0   0x00000bf0   0x00000084   Code   RO           39    .text.Mode2_Menu    cecs447project2mcu1-1.o
    0x00000c74   0x00000c74   0x000000c4   Code   RO           29    .text.Mode3         cecs447project2mcu1-1.o
    0x00000d38   0x00000d38   0x00000084   Code   RO           13    .text.PLL_Init      pll.o
    0x00000dbc   0x00000dbc   0x00000072   Code   RO           41    .text.Str_to_UDec   cecs447project2mcu1-1.o
    0x00000e2e   0x00000e2e   0x00000002   PAD
    0x00000e30   0x00000e30   0x000000c6   Code   RO           51    .text.SysTick_Handler  cecs447project2mcu1-1.o
    0x00000ef6   0x00000ef6   0x00000002   PAD
    0x00000ef8   0x00000ef8   0x00000044   Code   RO          123    .text.SysTick_Init  systick.o
    0x00000f3c   0x00000f3c   0x000000d2   Code   RO           47    .text.UART0_Handler  cecs447project2mcu1-1.o
    0x0000100e   0x0000100e   0x00000002   PAD
    0x00001010   0x00001010   0x0000011a   Code   RO           71    .text.UART0_Init    uart0.o
    0x0000112a   0x0000112a   0x00000002   PAD
    0x0000112c   0x0000112c   0x00000010   Code   RO           73    .text.UART0_OutCRLF  uart0.o
    0x0000113c   0x0000113c   0x0000002e   Code   RO           75    .text.UART0_OutChar  uart0.o
    0x0000116a   0x0000116a   0x00000002   PAD
    0x0000116c   0x0000116c   0x00000024   Code   RO           79    .text.UART0_OutString  uart0.o
    0x00001190   0x00001190   0x0000004a   Code   RO           49    .text.UART2_Handler  cecs447project2mcu1-1.o
    0x000011da   0x000011da   0x00000002   PAD
    0x000011dc   0x000011dc   0x00000130   Code   RO          104    .text.UART2_Init    uart2.o
    0x0000130c   0x0000130c   0x0000002e   Code   RO          108    .text.UART2_OutChar  uart2.o
    0x0000133a   0x0000133a   0x00000002   PAD
    0x0000133c   0x0000133c   0x0000002a   Code   RO          112    .text.UART2_OutString  uart2.o
    0x00001366   0x00001366   0x00000002   PAD
    0x00001368   0x00001368   0x00000080   Code   RO           21    .text.main          cecs447project2mcu1-1.o
    0x000013e8   0x000013e8   0x00000008   Data   RO           53    .rodata.color_wheel  cecs447project2mcu1-1.o
    0x000013f0   0x000013f0   0x00000452   Data   RO           60    .rodata.str1.1      cecs447project2mcu1-1.o
    0x00001842   0x00001842   0x00000002   PAD
    0x00001844   0x00001844   0x00000010   Data   RO          307    Region$$Table       anon$$obj.o


    Execution Region ER_RW (Exec base: 0x20000000, Load base: 0x00001854, Size: 0x00000000, Max: 0xffffffff, ABSOLUTE)

    **** No section assigned to this execution region ****


    Execution Region ER_ZI (Exec base: 0x20000000, Load base: 0x00001854, Size: 0x00000490, Max: 0xffffffff, ABSOLUTE)

    Exec Addr    Load Addr    Size         Type   Attr      Idx    E Section Name        Object

    0x20000000        -       0x00000060   Zero   RW          172    .bss                c_w.l(libspace.o)
    0x20000060        -       0x00000001   Zero   RW           56    .bss.Exit           cecs447project2mcu1-1.o
    0x20000061   0x00001854   0x00000003   PAD
    0x20000064        -       0x00000004   Zero   RW           96    .bss.High_Trigger   ledsw.o
    0x20000068        -       0x00000004   Zero   RW           97    .bss.Low_Trigger    ledsw.o
    0x2000006c        -       0x00000004   Zero   RW           62    .bss.brightness     cecs447project2mcu1-1.o
    0x20000070        -       0x00000004   Zero   RW           61    .bss.color          cecs447project2mcu1-1.o
    0x20000074        -       0x00000001   Zero   RW           58    .bss.current_mode   cecs447project2mcu1-1.o
    0x20000075        -       0x00000001   Zero   RW           55    .bss.end_of_str     cecs447project2mcu1-1.o
    0x20000076        -       0x00000001   Zero   RW           57    .bss.i              cecs447project2mcu1-1.o
    0x20000077        -       0x00000001   Zero   RW           54    .bss.str_idx        cecs447project2mcu1-1.o
    0x20000078        -       0x00000014   Zero   RW           59    .bss.string         cecs447project2mcu1-1.o
    0x2000008c   0x00001854   0x00000004   PAD
    0x20000090        -       0x00000000   Zero   RW            2    HEAP                startup.o
    0x20000090        -       0x00000400   Zero   RW            1    STACK               startup.o


==============================================================================

Image component sizes


      Code (inc. data)   RO Data    RW Data    ZI Data      Debug   Object Name

      2788         40       1114          0         33       4689   cecs447project2mcu1-1.o
       322          0          0          0          8        535   ledsw.o
       132          0          0          0          0        422   pll.o
       692        632          0          0       1024        940   startup.o
        68          0          0          0          0        986   systick.o
       380          0          0          0          0       2001   uart0.o
       392          0          0          0          0       1470   uart2.o

    ----------------------------------------------------------------------
      4800        672       1132          0       1072      11043   Object Totals
         0          0         16          0          0          0   (incl. Generated)
        26          0          2          0          7          0   (incl. Padding)

    ----------------------------------------------------------------------

      Code (inc. data)   RO Data    RW Data    ZI Data      Debug   Library Member Name

         8          0          0          0          0         68   __main.o
         0          0          0          0          0          0   __rtentry.o
        12          0          0          0          0          0   __rtentry2.o
         6          0          0          0          0          0   __rtentry4.o
        94          8          0          0          0          0   __scatter.o
        28          0          0          0          0          0   __scatter_zi.o
        18          0          0          0          0         80   exit.o
         6          0          0          0          0        152   heapauxi.o
         0          0          0          0          0          0   indicate_semi.o
         2          0          0          0          0          0   libinit.o
         2          0          0          0          0          0   libinit2.o
         2          0          0          0          0          0   libshutdown.o
         2          0          0          0          0          0   libshutdown2.o
         8          4          0          0         96         68   libspace.o
         2          0          0          0          0          0   rtexit.o
        10          0          0          0          0          0   rtexit2.o
        12          4          0          0          0         68   sys_exit.o
        74          0          0          0          0         80   sys_stackheap_outer.o
         2          0          0          0          0         68   use_no_semi.o

    ----------------------------------------------------------------------
       296         16          0          0         96        584   Library Totals
         8          0          0          0          0          0   (incl. Padding)

    ----------------------------------------------------------------------

      Code (inc. data)   RO Data    RW Data    ZI Data      Debug   Library Name

       288         16          0          0         96        584   c_w.l

    ----------------------------------------------------------------------
       296         16          0          0         96        584   Library Totals

    ----------------------------------------------------------------------

==============================================================================


      Code (inc. data)   RO Data    RW Data    ZI Data      Debug   

      5096        688       1132          0       1168      11419   Grand Totals
      5096        688       1132          0       1168      11419   ELF Image Totals
      5096        688       1132          0          0          0   ROM Totals

==============================================================================

    Total RO  Size (Code + RO Data)                 6228 (   6.08kB)
    Total RW  Size (RW Data + ZI Data)              1168 (   1.14kB)
    Total ROM Size (Code + RO Data + RW Data)       6228 (   6.08kB)

==============================================================================

